running develop
running egg_info
creating tensegrity_planning.egg-info
writing tensegrity_planning.egg-info/PKG-INFO
writing dependency_links to tensegrity_planning.egg-info/dependency_links.txt
writing entry points to tensegrity_planning.egg-info/entry_points.txt
writing requirements to tensegrity_planning.egg-info/requires.txt
writing top-level names to tensegrity_planning.egg-info/top_level.txt
writing manifest file 'tensegrity_planning.egg-info/SOURCES.txt'
reading manifest file 'tensegrity_planning.egg-info/SOURCES.txt'
writing manifest file 'tensegrity_planning.egg-info/SOURCES.txt'
running build_ext
Creating /home/pracsys/Desktop/tensegrity/ros2_ws/src/install/tensegrity_planning/lib/python3.10/site-packages/tensegrity-planning.egg-link (link to .)
Installing astar_planner_node script to /home/pracsys/Desktop/tensegrity/ros2_ws/src/install/tensegrity_planning/lib/tensegrity_planning
Installing rl_planner_node script to /home/pracsys/Desktop/tensegrity/ros2_ws/src/install/tensegrity_planning/lib/tensegrity_planning

Installed /home/pracsys/Desktop/tensegrity/ros2_ws/src/build/tensegrity_planning
running symlink_data
creating /home/pracsys/Desktop/tensegrity/ros2_ws/src/install/tensegrity_planning/share/ament_index
creating /home/pracsys/Desktop/tensegrity/ros2_ws/src/install/tensegrity_planning/share/ament_index/resource_index
creating /home/pracsys/Desktop/tensegrity/ros2_ws/src/install/tensegrity_planning/share/ament_index/resource_index/packages
symbolically linking /home/pracsys/Desktop/tensegrity/ros2_ws/src/build/tensegrity_planning/resource/tensegrity_planning -> /home/pracsys/Desktop/tensegrity/ros2_ws/src/install/tensegrity_planning/share/ament_index/resource_index/packages
symbolically linking /home/pracsys/Desktop/tensegrity/ros2_ws/src/build/tensegrity_planning/package.xml -> /home/pracsys/Desktop/tensegrity/ros2_ws/src/install/tensegrity_planning/share/tensegrity_planning
