[0.015s] Invoking command in '/home/pracsys/Desktop/tensegrity/ros2_ws/src/build/tensegrity_interfaces': CMAKE_PREFIX_PATH=/opt/ros/humble:${CMAKE_PREFIX_PATH} /usr/bin/cmake /home/pracsys/Desktop/tensegrity/ros2_ws/src/tensegrity_interfaces -DAMENT_CMAKE_SYMLINK_INSTALL=1 -DCMAKE_INSTALL_PREFIX=/home/pracsys/Desktop/tensegrity/ros2_ws/src/install/tensegrity_interfaces
[0.077s] -- The C compiler identification is GNU 11.4.0
[0.138s] -- The CXX compiler identification is GNU 11.4.0
[0.150s] -- Detecting C compiler ABI info
[0.223s] -- Detecting C compiler ABI info - done
[0.231s] -- Check for working C compiler: /usr/bin/cc - skipped
[0.232s] -- Detecting C compile features
[0.232s] -- Detecting C compile features - done
[0.235s] -- Detecting CXX compiler ABI info
[0.325s] -- Detecting CXX compiler ABI info - done
[0.332s] -- Check for working CXX compiler: /usr/bin/c++ - skipped
[0.333s] -- Detecting CXX compile features
[0.333s] -- Detecting CXX compile features - done
[0.335s] -- Found ament_cmake: 1.3.14 (/opt/ros/humble/share/ament_cmake/cmake)
[0.499s] -- Found Python3: /usr/bin/python3 (found version "3.10.12") found components: Interpreter 
[0.567s] -- Override CMake install command with custom implementation using symlinks instead of copying resources
[0.614s] -- Found rosidl_default_generators: 1.2.1 (/opt/ros/humble/share/rosidl_default_generators/cmake)
[0.620s] -- Using all available rosidl_typesupport_c: rosidl_typesupport_fastrtps_c;rosidl_typesupport_introspection_c
[0.633s] -- Found rosidl_adapter: 3.1.8 (/opt/ros/humble/share/rosidl_adapter/cmake)
[0.689s] -- Using all available rosidl_typesupport_cpp: rosidl_typesupport_fastrtps_cpp;rosidl_typesupport_introspection_cpp
[0.724s] -- Found std_msgs: 4.9.1 (/opt/ros/humble/share/std_msgs/cmake)
[0.750s] -- Found geometry_msgs: 4.9.1 (/opt/ros/humble/share/geometry_msgs/cmake)
[1.210s] -- Found ament_cmake_ros: 0.10.0 (/opt/ros/humble/share/ament_cmake_ros/cmake)
[1.555s] -- Using all available rosidl_typesupport_c: rosidl_typesupport_fastrtps_c;rosidl_typesupport_introspection_c
[2.018s] -- Using all available rosidl_typesupport_cpp: rosidl_typesupport_fastrtps_cpp;rosidl_typesupport_introspection_cpp
[2.047s] -- Found PythonInterp: /usr/bin/python3 (found suitable version "3.10.12", minimum required is "3.6") 
[2.048s] -- Found python_cmake_module: 0.10.0 (/opt/ros/humble/share/python_cmake_module/cmake)
[2.081s] -- Found PythonLibs: /usr/lib/x86_64-linux-gnu/libpython3.10.so (found suitable version "3.10.12", minimum required is "3.5") 
[2.081s] -- Using PYTHON_EXECUTABLE: /usr/bin/python3
[2.081s] -- Using PYTHON_INCLUDE_DIRS: /usr/include/python3.10
[2.081s] -- Using PYTHON_LIBRARIES: /usr/lib/x86_64-linux-gnu/libpython3.10.so
[2.108s] -- Found PythonExtra: .so  
[2.381s] -- Configuring done
[2.467s] -- Generating done
[2.483s] -- Build files have been written to: /home/pracsys/Desktop/tensegrity/ros2_ws/src/build/tensegrity_interfaces
[2.494s] Invoked command in '/home/pracsys/Desktop/tensegrity/ros2_ws/src/build/tensegrity_interfaces' returned '0': CMAKE_PREFIX_PATH=/opt/ros/humble:${CMAKE_PREFIX_PATH} /usr/bin/cmake /home/pracsys/Desktop/tensegrity/ros2_ws/src/tensegrity_interfaces -DAMENT_CMAKE_SYMLINK_INSTALL=1 -DCMAKE_INSTALL_PREFIX=/home/pracsys/Desktop/tensegrity/ros2_ws/src/install/tensegrity_interfaces
[2.496s] Invoking command in '/home/pracsys/Desktop/tensegrity/ros2_ws/src/build/tensegrity_interfaces': CMAKE_PREFIX_PATH=/opt/ros/humble:${CMAKE_PREFIX_PATH} /usr/bin/cmake --build /home/pracsys/Desktop/tensegrity/ros2_ws/src/build/tensegrity_interfaces -- -j12 -l12
[2.552s] [  1%] [34m[1mGenerating C code for ROS interfaces[0m
[2.561s] [  2%] [34m[1mGenerating Rust code for ROS interfaces[0m
[2.562s] [  2%] [34m[1mGenerating C++ code for ROS interfaces[0m
[2.569s] [  2%] Built target ament_cmake_python_symlink_tensegrity_interfaces
[2.886s] running egg_info
[2.887s] creating tensegrity_interfaces.egg-info
[2.887s] writing tensegrity_interfaces.egg-info/PKG-INFO
[2.887s] writing dependency_links to tensegrity_interfaces.egg-info/dependency_links.txt
[2.888s] writing top-level names to tensegrity_interfaces.egg-info/top_level.txt
[2.888s] writing manifest file 'tensegrity_interfaces.egg-info/SOURCES.txt'
[2.891s] reading manifest file 'tensegrity_interfaces.egg-info/SOURCES.txt'
[2.892s] writing manifest file 'tensegrity_interfaces.egg-info/SOURCES.txt'
[2.924s] [  2%] Built target ament_cmake_python_build_tensegrity_interfaces_egg
[3.272s] [  2%] Built target tensegrity_interfaces__rs
[3.760s] [  2%] Built target tensegrity_interfaces__cpp
[3.772s] [  3%] [34m[1mGenerating C++ introspection for ROS interfaces[0m
[3.774s] [  4%] [34m[1mGenerating C++ type support for eProsima Fast-RTPS[0m
[3.777s] [  5%] [34m[1mGenerating C++ type support dispatch for ROS interfaces[0m
[3.857s] [  7%] [32mBuilding C object CMakeFiles/tensegrity_interfaces__rosidl_generator_c.dir/rosidl_generator_c/tensegrity_interfaces/msg/detail/node__functions.c.o[0m
[3.857s] [  7%] [32mBuilding C object CMakeFiles/tensegrity_interfaces__rosidl_generator_c.dir/rosidl_generator_c/tensegrity_interfaces/msg/detail/motor__functions.c.o[0m
[3.857s] [  7%] [32mBuilding C object CMakeFiles/tensegrity_interfaces__rosidl_generator_c.dir/rosidl_generator_c/tensegrity_interfaces/msg/detail/info__functions.c.o[0m
[3.857s] [  8%] [32mBuilding C object CMakeFiles/tensegrity_interfaces__rosidl_generator_c.dir/rosidl_generator_c/tensegrity_interfaces/msg/detail/sensor__functions.c.o[0m
[3.857s] [  9%] [32mBuilding C object CMakeFiles/tensegrity_interfaces__rosidl_generator_c.dir/rosidl_generator_c/tensegrity_interfaces/msg/detail/motors_stamped__functions.c.o[0m
[3.857s] [  9%] [32mBuilding C object CMakeFiles/tensegrity_interfaces__rosidl_generator_c.dir/rosidl_generator_c/tensegrity_interfaces/msg/detail/imu__functions.c.o[0m
[3.857s] [ 10%] [32mBuilding C object CMakeFiles/tensegrity_interfaces__rosidl_generator_c.dir/rosidl_generator_c/tensegrity_interfaces/msg/detail/sensors_stamped__functions.c.o[0m
[3.858s] [ 10%] [32mBuilding C object CMakeFiles/tensegrity_interfaces__rosidl_generator_c.dir/rosidl_generator_c/tensegrity_interfaces/msg/detail/nodes_stamped__functions.c.o[0m
[3.858s] [ 11%] [32mBuilding C object CMakeFiles/tensegrity_interfaces__rosidl_generator_c.dir/rosidl_generator_c/tensegrity_interfaces/msg/detail/imu_stamped__functions.c.o[0m
[3.926s] [ 12%] [32mBuilding C object CMakeFiles/tensegrity_interfaces__rosidl_generator_c.dir/rosidl_generator_c/tensegrity_interfaces/msg/detail/tensegrity_stamped__functions.c.o[0m
[3.927s] [ 14%] [32mBuilding C object CMakeFiles/tensegrity_interfaces__rosidl_generator_c.dir/rosidl_generator_c/tensegrity_interfaces/msg/detail/stamped_index__functions.c.o[0m
[3.927s] [ 14%] [32mBuilding C object CMakeFiles/tensegrity_interfaces__rosidl_generator_c.dir/rosidl_generator_c/tensegrity_interfaces/msg/detail/trajectory__functions.c.o[0m
[3.928s] [ 14%] [32mBuilding C object CMakeFiles/tensegrity_interfaces__rosidl_generator_c.dir/rosidl_generator_c/tensegrity_interfaces/msg/detail/state__functions.c.o[0m
[3.931s] [ 15%] [32mBuilding C object CMakeFiles/tensegrity_interfaces__rosidl_generator_c.dir/rosidl_generator_c/tensegrity_interfaces/msg/detail/action__functions.c.o[0m
[3.998s] [ 16%] [32m[1mLinking C shared library libtensegrity_interfaces__rosidl_generator_c.so[0m
[4.039s] [ 16%] Built target tensegrity_interfaces__rosidl_generator_c
[4.049s] [ 17%] [34m[1mGenerating C introspection for ROS interfaces[0m
[4.049s] [ 18%] [34m[1mGenerating C type support for eProsima Fast-RTPS[0m
[4.049s] [ 19%] [34m[1mGenerating C type support dispatch for ROS interfaces[0m
[4.606s] [ 22%] [32mBuilding CXX object CMakeFiles/tensegrity_interfaces__rosidl_typesupport_cpp.dir/rosidl_typesupport_cpp/tensegrity_interfaces/msg/info__type_support.cpp.o[0m
[4.607s] [ 22%] [32mBuilding CXX object CMakeFiles/tensegrity_interfaces__rosidl_typesupport_cpp.dir/rosidl_typesupport_cpp/tensegrity_interfaces/msg/node__type_support.cpp.o[0m
[4.607s] [ 22%] [32mBuilding CXX object CMakeFiles/tensegrity_interfaces__rosidl_typesupport_cpp.dir/rosidl_typesupport_cpp/tensegrity_interfaces/msg/motor__type_support.cpp.o[0m
[4.607s] [ 22%] [32mBuilding CXX object CMakeFiles/tensegrity_interfaces__rosidl_typesupport_cpp.dir/rosidl_typesupport_cpp/tensegrity_interfaces/msg/sensor__type_support.cpp.o[0m
[4.607s] [ 22%] [32mBuilding CXX object CMakeFiles/tensegrity_interfaces__rosidl_typesupport_cpp.dir/rosidl_typesupport_cpp/tensegrity_interfaces/msg/imu__type_support.cpp.o[0m
[4.607s] [ 23%] [32mBuilding CXX object CMakeFiles/tensegrity_interfaces__rosidl_typesupport_cpp.dir/rosidl_typesupport_cpp/tensegrity_interfaces/msg/motors_stamped__type_support.cpp.o[0m
[4.607s] [ 24%] [32mBuilding CXX object CMakeFiles/tensegrity_interfaces__rosidl_typesupport_cpp.dir/rosidl_typesupport_cpp/tensegrity_interfaces/msg/sensors_stamped__type_support.cpp.o[0m
[5.060s] [ 25%] [32mBuilding CXX object CMakeFiles/tensegrity_interfaces__rosidl_typesupport_cpp.dir/rosidl_typesupport_cpp/tensegrity_interfaces/msg/nodes_stamped__type_support.cpp.o[0m
[5.061s] [ 25%] [32mBuilding CXX object CMakeFiles/tensegrity_interfaces__rosidl_typesupport_cpp.dir/rosidl_typesupport_cpp/tensegrity_interfaces/msg/imu_stamped__type_support.cpp.o[0m
[5.072s] [ 26%] [32mBuilding CXX object CMakeFiles/tensegrity_interfaces__rosidl_typesupport_cpp.dir/rosidl_typesupport_cpp/tensegrity_interfaces/msg/stamped_index__type_support.cpp.o[0m
[5.072s] [ 27%] [32mBuilding CXX object CMakeFiles/tensegrity_interfaces__rosidl_typesupport_cpp.dir/rosidl_typesupport_cpp/tensegrity_interfaces/msg/trajectory__type_support.cpp.o[0m
[5.089s] [ 28%] [32mBuilding CXX object CMakeFiles/tensegrity_interfaces__rosidl_typesupport_cpp.dir/rosidl_typesupport_cpp/tensegrity_interfaces/msg/tensegrity_stamped__type_support.cpp.o[0m
[5.113s] [ 28%] [32mBuilding CXX object CMakeFiles/tensegrity_interfaces__rosidl_typesupport_cpp.dir/rosidl_typesupport_cpp/tensegrity_interfaces/msg/state__type_support.cpp.o[0m
[5.122s] [ 28%] [32mBuilding CXX object CMakeFiles/tensegrity_interfaces__rosidl_typesupport_introspection_cpp.dir/rosidl_typesupport_introspection_cpp/tensegrity_interfaces/msg/detail/node__type_support.cpp.o[0m
[5.133s] [ 28%] [32mBuilding CXX object CMakeFiles/tensegrity_interfaces__rosidl_typesupport_c.dir/rosidl_typesupport_c/tensegrity_interfaces/msg/node__type_support.cpp.o[0m
[5.142s] [ 29%] [32mBuilding CXX object CMakeFiles/tensegrity_interfaces__rosidl_typesupport_introspection_cpp.dir/rosidl_typesupport_introspection_cpp/tensegrity_interfaces/msg/detail/motor__type_support.cpp.o[0m
[5.192s] [ 30%] [32mBuilding CXX object CMakeFiles/tensegrity_interfaces__rosidl_typesupport_c.dir/rosidl_typesupport_c/tensegrity_interfaces/msg/motor__type_support.cpp.o[0m
[5.251s] [ 31%] [32mBuilding CXX object CMakeFiles/tensegrity_interfaces__rosidl_typesupport_c.dir/rosidl_typesupport_c/tensegrity_interfaces/msg/info__type_support.cpp.o[0m
[5.298s] [ 31%] [32mBuilding CXX object CMakeFiles/tensegrity_interfaces__rosidl_typesupport_c.dir/rosidl_typesupport_c/tensegrity_interfaces/msg/sensor__type_support.cpp.o[0m
[5.352s] [ 32%] [32mBuilding CXX object CMakeFiles/tensegrity_interfaces__rosidl_typesupport_c.dir/rosidl_typesupport_c/tensegrity_interfaces/msg/imu__type_support.cpp.o[0m
[5.400s] [ 33%] [32mBuilding CXX object CMakeFiles/tensegrity_interfaces__rosidl_typesupport_c.dir/rosidl_typesupport_c/tensegrity_interfaces/msg/motors_stamped__type_support.cpp.o[0m
[5.460s] [ 34%] [32mBuilding CXX object CMakeFiles/tensegrity_interfaces__rosidl_typesupport_c.dir/rosidl_typesupport_c/tensegrity_interfaces/msg/sensors_stamped__type_support.cpp.o[0m
[5.509s] [ 34%] [32mBuilding CXX object CMakeFiles/tensegrity_interfaces__rosidl_typesupport_c.dir/rosidl_typesupport_c/tensegrity_interfaces/msg/imu_stamped__type_support.cpp.o[0m
[5.517s] [ 35%] [32mBuilding CXX object CMakeFiles/tensegrity_interfaces__rosidl_typesupport_introspection_cpp.dir/rosidl_typesupport_introspection_cpp/tensegrity_interfaces/msg/detail/info__type_support.cpp.o[0m
[5.518s] [ 36%] [32mBuilding CXX object CMakeFiles/tensegrity_interfaces__rosidl_typesupport_c.dir/rosidl_typesupport_c/tensegrity_interfaces/msg/nodes_stamped__type_support.cpp.o[0m
[5.523s] [ 36%] [32mBuilding CXX object CMakeFiles/tensegrity_interfaces__rosidl_typesupport_fastrtps_cpp.dir/rosidl_typesupport_fastrtps_cpp/tensegrity_interfaces/msg/detail/dds_fastrtps/node__type_support.cpp.o[0m
[5.538s] [ 37%] [32mBuilding CXX object CMakeFiles/tensegrity_interfaces__rosidl_typesupport_introspection_cpp.dir/rosidl_typesupport_introspection_cpp/tensegrity_interfaces/msg/detail/sensor__type_support.cpp.o[0m
[5.547s] [ 38%] [32mBuilding CXX object CMakeFiles/tensegrity_interfaces__rosidl_typesupport_cpp.dir/rosidl_typesupport_cpp/tensegrity_interfaces/msg/action__type_support.cpp.o[0m
[5.555s] [ 38%] [32mBuilding CXX object CMakeFiles/tensegrity_interfaces__rosidl_typesupport_introspection_cpp.dir/rosidl_typesupport_introspection_cpp/tensegrity_interfaces/msg/detail/imu__type_support.cpp.o[0m
[5.567s] [ 40%] [32mBuilding CXX object CMakeFiles/tensegrity_interfaces__rosidl_typesupport_fastrtps_cpp.dir/rosidl_typesupport_fastrtps_cpp/tensegrity_interfaces/msg/detail/dds_fastrtps/motor__type_support.cpp.o[0m
[5.569s] [ 40%] [32mBuilding CXX object CMakeFiles/tensegrity_interfaces__rosidl_typesupport_c.dir/rosidl_typesupport_c/tensegrity_interfaces/msg/stamped_index__type_support.cpp.o[0m
[5.573s] [ 41%] [32mBuilding CXX object CMakeFiles/tensegrity_interfaces__rosidl_typesupport_fastrtps_cpp.dir/rosidl_typesupport_fastrtps_cpp/tensegrity_interfaces/msg/detail/dds_fastrtps/info__type_support.cpp.o[0m
[5.616s] [ 42%] [32mBuilding CXX object CMakeFiles/tensegrity_interfaces__rosidl_typesupport_c.dir/rosidl_typesupport_c/tensegrity_interfaces/msg/trajectory__type_support.cpp.o[0m
[5.657s] [ 42%] [32mBuilding C object CMakeFiles/tensegrity_interfaces__rosidl_typesupport_introspection_c.dir/rosidl_typesupport_introspection_c/tensegrity_interfaces/msg/detail/node__type_support.c.o[0m
[5.657s] [ 42%] [32mBuilding CXX object CMakeFiles/tensegrity_interfaces__rosidl_typesupport_c.dir/rosidl_typesupport_c/tensegrity_interfaces/msg/tensegrity_stamped__type_support.cpp.o[0m
[5.705s] [ 43%] [32mBuilding C object CMakeFiles/tensegrity_interfaces__rosidl_typesupport_introspection_c.dir/rosidl_typesupport_introspection_c/tensegrity_interfaces/msg/detail/motor__type_support.c.o[0m
[5.708s] [ 44%] [32mBuilding CXX object CMakeFiles/tensegrity_interfaces__rosidl_typesupport_c.dir/rosidl_typesupport_c/tensegrity_interfaces/msg/state__type_support.cpp.o[0m
[5.755s] [ 45%] [32mBuilding C object CMakeFiles/tensegrity_interfaces__rosidl_typesupport_introspection_c.dir/rosidl_typesupport_introspection_c/tensegrity_interfaces/msg/detail/info__type_support.c.o[0m
[5.756s] [ 46%] [32mBuilding CXX object CMakeFiles/tensegrity_interfaces__rosidl_typesupport_c.dir/rosidl_typesupport_c/tensegrity_interfaces/msg/action__type_support.cpp.o[0m
[5.783s] [ 47%] [32mBuilding CXX object CMakeFiles/tensegrity_interfaces__rosidl_typesupport_fastrtps_cpp.dir/rosidl_typesupport_fastrtps_cpp/tensegrity_interfaces/msg/detail/dds_fastrtps/sensor__type_support.cpp.o[0m
[5.785s] [ 47%] [32mBuilding C object CMakeFiles/tensegrity_interfaces__rosidl_typesupport_introspection_c.dir/rosidl_typesupport_introspection_c/tensegrity_interfaces/msg/detail/sensor__type_support.c.o[0m
[5.806s] [ 48%] [32m[1mLinking CXX shared library libtensegrity_interfaces__rosidl_typesupport_c.so[0m
[5.812s] [ 49%] [32mBuilding CXX object CMakeFiles/tensegrity_interfaces__rosidl_typesupport_introspection_cpp.dir/rosidl_typesupport_introspection_cpp/tensegrity_interfaces/msg/detail/motors_stamped__type_support.cpp.o[0m
[5.841s] [ 50%] [32mBuilding C object CMakeFiles/tensegrity_interfaces__rosidl_typesupport_introspection_c.dir/rosidl_typesupport_introspection_c/tensegrity_interfaces/msg/detail/imu__type_support.c.o[0m
[5.844s] [ 50%] [32mBuilding CXX object CMakeFiles/tensegrity_interfaces__rosidl_typesupport_fastrtps_c.dir/rosidl_typesupport_fastrtps_c/tensegrity_interfaces/msg/detail/node__type_support_c.cpp.o[0m
[5.880s] [ 50%] Built target tensegrity_interfaces__rosidl_typesupport_c
[5.893s] [ 51%] [32mBuilding CXX object CMakeFiles/tensegrity_interfaces__rosidl_typesupport_introspection_cpp.dir/rosidl_typesupport_introspection_cpp/tensegrity_interfaces/msg/detail/sensors_stamped__type_support.cpp.o[0m
[5.895s] [ 52%] [32mBuilding C object CMakeFiles/tensegrity_interfaces__rosidl_typesupport_introspection_c.dir/rosidl_typesupport_introspection_c/tensegrity_interfaces/msg/detail/motors_stamped__type_support.c.o[0m
[5.958s] [ 53%] [32mBuilding C object CMakeFiles/tensegrity_interfaces__rosidl_typesupport_introspection_c.dir/rosidl_typesupport_introspection_c/tensegrity_interfaces/msg/detail/sensors_stamped__type_support.c.o[0m
[6.020s] [ 53%] [32mBuilding C object CMakeFiles/tensegrity_interfaces__rosidl_typesupport_introspection_c.dir/rosidl_typesupport_introspection_c/tensegrity_interfaces/msg/detail/imu_stamped__type_support.c.o[0m
[6.039s] [ 54%] [32m[1mLinking CXX shared library libtensegrity_interfaces__rosidl_typesupport_cpp.so[0m
[6.085s] [ 55%] [32mBuilding C object CMakeFiles/tensegrity_interfaces__rosidl_typesupport_introspection_c.dir/rosidl_typesupport_introspection_c/tensegrity_interfaces/msg/detail/nodes_stamped__type_support.c.o[0m
[6.108s] [ 55%] Built target tensegrity_interfaces__rosidl_typesupport_cpp
[6.121s] [ 55%] [32mBuilding CXX object CMakeFiles/tensegrity_interfaces__rosidl_typesupport_fastrtps_cpp.dir/rosidl_typesupport_fastrtps_cpp/tensegrity_interfaces/msg/detail/dds_fastrtps/imu__type_support.cpp.o[0m
[6.161s] [ 56%] [32mBuilding C object CMakeFiles/tensegrity_interfaces__rosidl_typesupport_introspection_c.dir/rosidl_typesupport_introspection_c/tensegrity_interfaces/msg/detail/stamped_index__type_support.c.o[0m
[6.182s] [ 57%] [32mBuilding CXX object CMakeFiles/tensegrity_interfaces__rosidl_typesupport_fastrtps_c.dir/rosidl_typesupport_fastrtps_c/tensegrity_interfaces/msg/detail/motor__type_support_c.cpp.o[0m
[6.187s] [ 58%] [32mBuilding CXX object CMakeFiles/tensegrity_interfaces__rosidl_typesupport_fastrtps_c.dir/rosidl_typesupport_fastrtps_c/tensegrity_interfaces/msg/detail/info__type_support_c.cpp.o[0m
[6.213s] [ 59%] [32mBuilding C object CMakeFiles/tensegrity_interfaces__rosidl_typesupport_introspection_c.dir/rosidl_typesupport_introspection_c/tensegrity_interfaces/msg/detail/trajectory__type_support.c.o[0m
[6.217s] [ 59%] [32mBuilding CXX object CMakeFiles/tensegrity_interfaces__rosidl_typesupport_fastrtps_c.dir/rosidl_typesupport_fastrtps_c/tensegrity_interfaces/msg/detail/sensor__type_support_c.cpp.o[0m
[6.221s] [ 60%] [32mBuilding CXX object CMakeFiles/tensegrity_interfaces__rosidl_typesupport_fastrtps_cpp.dir/rosidl_typesupport_fastrtps_cpp/tensegrity_interfaces/msg/detail/dds_fastrtps/motors_stamped__type_support.cpp.o[0m
[6.254s] [ 60%] [32mBuilding C object CMakeFiles/tensegrity_interfaces__rosidl_typesupport_introspection_c.dir/rosidl_typesupport_introspection_c/tensegrity_interfaces/msg/detail/tensegrity_stamped__type_support.c.o[0m
[6.278s] [ 61%] [32mBuilding CXX object CMakeFiles/tensegrity_interfaces__rosidl_typesupport_fastrtps_c.dir/rosidl_typesupport_fastrtps_c/tensegrity_interfaces/msg/detail/imu__type_support_c.cpp.o[0m
[6.278s] [ 62%] [32mBuilding CXX object CMakeFiles/tensegrity_interfaces__rosidl_typesupport_introspection_cpp.dir/rosidl_typesupport_introspection_cpp/tensegrity_interfaces/msg/detail/imu_stamped__type_support.cpp.o[0m
[6.344s] [ 63%] [32mBuilding C object CMakeFiles/tensegrity_interfaces__rosidl_typesupport_introspection_c.dir/rosidl_typesupport_introspection_c/tensegrity_interfaces/msg/detail/state__type_support.c.o[0m
[6.404s] [ 64%] [32mBuilding C object CMakeFiles/tensegrity_interfaces__rosidl_typesupport_introspection_c.dir/rosidl_typesupport_introspection_c/tensegrity_interfaces/msg/detail/action__type_support.c.o[0m
[6.450s] [ 64%] [32mBuilding CXX object CMakeFiles/tensegrity_interfaces__rosidl_typesupport_introspection_cpp.dir/rosidl_typesupport_introspection_cpp/tensegrity_interfaces/msg/detail/nodes_stamped__type_support.cpp.o[0m
[6.458s] [ 65%] [32mBuilding CXX object CMakeFiles/tensegrity_interfaces__rosidl_typesupport_introspection_cpp.dir/rosidl_typesupport_introspection_cpp/tensegrity_interfaces/msg/detail/stamped_index__type_support.cpp.o[0m
[6.487s] [ 66%] [32m[1mLinking C shared library libtensegrity_interfaces__rosidl_typesupport_introspection_c.so[0m
[6.536s] [ 67%] [32mBuilding CXX object CMakeFiles/tensegrity_interfaces__rosidl_typesupport_fastrtps_c.dir/rosidl_typesupport_fastrtps_c/tensegrity_interfaces/msg/detail/motors_stamped__type_support_c.cpp.o[0m
[6.541s] [ 67%] Built target tensegrity_interfaces__rosidl_typesupport_introspection_c
[6.555s] [ 68%] [32mBuilding CXX object CMakeFiles/tensegrity_interfaces__rosidl_typesupport_fastrtps_c.dir/rosidl_typesupport_fastrtps_c/tensegrity_interfaces/msg/detail/sensors_stamped__type_support_c.cpp.o[0m
[6.669s] [ 68%] [32mBuilding CXX object CMakeFiles/tensegrity_interfaces__rosidl_typesupport_fastrtps_c.dir/rosidl_typesupport_fastrtps_c/tensegrity_interfaces/msg/detail/imu_stamped__type_support_c.cpp.o[0m
[6.773s] [ 69%] [32mBuilding CXX object CMakeFiles/tensegrity_interfaces__rosidl_typesupport_fastrtps_c.dir/rosidl_typesupport_fastrtps_c/tensegrity_interfaces/msg/detail/nodes_stamped__type_support_c.cpp.o[0m
[6.787s] [ 70%] [32mBuilding CXX object CMakeFiles/tensegrity_interfaces__rosidl_typesupport_fastrtps_cpp.dir/rosidl_typesupport_fastrtps_cpp/tensegrity_interfaces/msg/detail/dds_fastrtps/sensors_stamped__type_support.cpp.o[0m
[6.799s] [ 71%] [32mBuilding CXX object CMakeFiles/tensegrity_interfaces__rosidl_typesupport_fastrtps_c.dir/rosidl_typesupport_fastrtps_c/tensegrity_interfaces/msg/detail/stamped_index__type_support_c.cpp.o[0m
[6.802s] [ 72%] [32mBuilding CXX object CMakeFiles/tensegrity_interfaces__rosidl_typesupport_introspection_cpp.dir/rosidl_typesupport_introspection_cpp/tensegrity_interfaces/msg/detail/trajectory__type_support.cpp.o[0m
[6.873s] [ 73%] [32mBuilding CXX object CMakeFiles/tensegrity_interfaces__rosidl_typesupport_fastrtps_cpp.dir/rosidl_typesupport_fastrtps_cpp/tensegrity_interfaces/msg/detail/dds_fastrtps/imu_stamped__type_support.cpp.o[0m
[7.003s] [ 74%] [32mBuilding CXX object CMakeFiles/tensegrity_interfaces__rosidl_typesupport_fastrtps_c.dir/rosidl_typesupport_fastrtps_c/tensegrity_interfaces/msg/detail/trajectory__type_support_c.cpp.o[0m
[7.013s] [ 74%] [32mBuilding CXX object CMakeFiles/tensegrity_interfaces__rosidl_typesupport_fastrtps_c.dir/rosidl_typesupport_fastrtps_c/tensegrity_interfaces/msg/detail/tensegrity_stamped__type_support_c.cpp.o[0m
[7.119s] [ 75%] [32mBuilding CXX object CMakeFiles/tensegrity_interfaces__rosidl_typesupport_introspection_cpp.dir/rosidl_typesupport_introspection_cpp/tensegrity_interfaces/msg/detail/tensegrity_stamped__type_support.cpp.o[0m
[7.122s] [ 75%] [32mBuilding CXX object CMakeFiles/tensegrity_interfaces__rosidl_typesupport_fastrtps_cpp.dir/rosidl_typesupport_fastrtps_cpp/tensegrity_interfaces/msg/detail/dds_fastrtps/nodes_stamped__type_support.cpp.o[0m
[7.134s] [ 76%] [32mBuilding CXX object CMakeFiles/tensegrity_interfaces__rosidl_typesupport_fastrtps_cpp.dir/rosidl_typesupport_fastrtps_cpp/tensegrity_interfaces/msg/detail/dds_fastrtps/stamped_index__type_support.cpp.o[0m
[7.279s] [ 77%] [32mBuilding CXX object CMakeFiles/tensegrity_interfaces__rosidl_typesupport_fastrtps_cpp.dir/rosidl_typesupport_fastrtps_cpp/tensegrity_interfaces/msg/detail/dds_fastrtps/trajectory__type_support.cpp.o[0m
[7.279s] [ 78%] [32mBuilding CXX object CMakeFiles/tensegrity_interfaces__rosidl_typesupport_fastrtps_cpp.dir/rosidl_typesupport_fastrtps_cpp/tensegrity_interfaces/msg/detail/dds_fastrtps/tensegrity_stamped__type_support.cpp.o[0m
[7.389s] [ 78%] [32mBuilding CXX object CMakeFiles/tensegrity_interfaces__rosidl_typesupport_fastrtps_cpp.dir/rosidl_typesupport_fastrtps_cpp/tensegrity_interfaces/msg/detail/dds_fastrtps/state__type_support.cpp.o[0m
[7.411s] [ 78%] [32mBuilding CXX object CMakeFiles/tensegrity_interfaces__rosidl_typesupport_introspection_cpp.dir/rosidl_typesupport_introspection_cpp/tensegrity_interfaces/msg/detail/state__type_support.cpp.o[0m
[7.520s] [ 79%] [32mBuilding CXX object CMakeFiles/tensegrity_interfaces__rosidl_typesupport_fastrtps_c.dir/rosidl_typesupport_fastrtps_c/tensegrity_interfaces/msg/detail/state__type_support_c.cpp.o[0m
[7.528s] [ 80%] [32mBuilding CXX object CMakeFiles/tensegrity_interfaces__rosidl_typesupport_fastrtps_c.dir/rosidl_typesupport_fastrtps_c/tensegrity_interfaces/msg/detail/action__type_support_c.cpp.o[0m
[7.614s] [ 81%] [32mBuilding CXX object CMakeFiles/tensegrity_interfaces__rosidl_typesupport_introspection_cpp.dir/rosidl_typesupport_introspection_cpp/tensegrity_interfaces/msg/detail/action__type_support.cpp.o[0m
[7.615s] [ 82%] [32mBuilding CXX object CMakeFiles/tensegrity_interfaces__rosidl_typesupport_fastrtps_cpp.dir/rosidl_typesupport_fastrtps_cpp/tensegrity_interfaces/msg/detail/dds_fastrtps/action__type_support.cpp.o[0m
[8.112s] [ 83%] [32m[1mLinking CXX shared library libtensegrity_interfaces__rosidl_typesupport_fastrtps_c.so[0m
[8.198s] [ 83%] Built target tensegrity_interfaces__rosidl_typesupport_fastrtps_c
[8.204s] [ 84%] [32m[1mLinking CXX shared library libtensegrity_interfaces__rosidl_typesupport_fastrtps_cpp.so[0m
[8.290s] [ 85%] [32m[1mLinking CXX shared library libtensegrity_interfaces__rosidl_typesupport_introspection_cpp.so[0m
[8.300s] [ 85%] Built target tensegrity_interfaces__rosidl_typesupport_fastrtps_cpp
[8.374s] [ 85%] Built target tensegrity_interfaces__rosidl_typesupport_introspection_cpp
[8.395s] [ 85%] Built target tensegrity_interfaces
[8.418s] [ 86%] [34m[1mGenerating Python code for ROS interfaces[0m
[10.330s] [ 86%] Built target tensegrity_interfaces__py
[10.355s] [ 87%] [32mBuilding C object CMakeFiles/tensegrity_interfaces__rosidl_generator_py.dir/rosidl_generator_py/tensegrity_interfaces/msg/_sensor_s.c.o[0m
[10.355s] [ 87%] [32mBuilding C object CMakeFiles/tensegrity_interfaces__rosidl_generator_py.dir/rosidl_generator_py/tensegrity_interfaces/msg/_imu_s.c.o[0m
[10.356s] [ 87%] [32mBuilding C object CMakeFiles/tensegrity_interfaces__rosidl_generator_py.dir/rosidl_generator_py/tensegrity_interfaces/msg/_node_s.c.o[0m
[10.356s] [ 88%] [32mBuilding C object CMakeFiles/tensegrity_interfaces__rosidl_generator_py.dir/rosidl_generator_py/tensegrity_interfaces/msg/_info_s.c.o[0m
[10.356s] [ 89%] [32mBuilding C object CMakeFiles/tensegrity_interfaces__rosidl_generator_py.dir/rosidl_generator_py/tensegrity_interfaces/msg/_sensors_stamped_s.c.o[0m
[10.356s] [ 90%] [32mBuilding C object CMakeFiles/tensegrity_interfaces__rosidl_generator_py.dir/rosidl_generator_py/tensegrity_interfaces/msg/_motors_stamped_s.c.o[0m
[10.356s] [ 90%] [32mBuilding C object CMakeFiles/tensegrity_interfaces__rosidl_generator_py.dir/rosidl_generator_py/tensegrity_interfaces/msg/_nodes_stamped_s.c.o[0m
[10.356s] [ 91%] [32mBuilding C object CMakeFiles/tensegrity_interfaces__rosidl_generator_py.dir/rosidl_generator_py/tensegrity_interfaces/msg/_imu_stamped_s.c.o[0m
[10.356s] [ 92%] [32mBuilding C object CMakeFiles/tensegrity_interfaces__rosidl_generator_py.dir/rosidl_generator_py/tensegrity_interfaces/msg/_motor_s.c.o[0m
[10.357s] [ 93%] [32mBuilding C object CMakeFiles/tensegrity_interfaces__rosidl_generator_py.dir/rosidl_generator_py/tensegrity_interfaces/msg/_stamped_index_s.c.o[0m
[10.359s] [ 95%] [32mBuilding C object CMakeFiles/tensegrity_interfaces__rosidl_generator_py.dir/rosidl_generator_py/tensegrity_interfaces/msg/_tensegrity_stamped_s.c.o[0m
[10.359s] [ 95%] [32mBuilding C object CMakeFiles/tensegrity_interfaces__rosidl_generator_py.dir/rosidl_generator_py/tensegrity_interfaces/msg/_trajectory_s.c.o[0m
[10.531s] [ 96%] [32mBuilding C object CMakeFiles/tensegrity_interfaces__rosidl_generator_py.dir/rosidl_generator_py/tensegrity_interfaces/msg/_state_s.c.o[0m
[10.531s] [ 96%] [32mBuilding C object CMakeFiles/tensegrity_interfaces__rosidl_generator_py.dir/rosidl_generator_py/tensegrity_interfaces/msg/_action_s.c.o[0m
[10.649s] [ 97%] [32m[1mLinking C shared library rosidl_generator_py/tensegrity_interfaces/libtensegrity_interfaces__rosidl_generator_py.so[0m
[10.708s] [ 97%] Built target tensegrity_interfaces__rosidl_generator_py
[10.730s] [ 97%] [32mBuilding C object CMakeFiles/tensegrity_interfaces__rosidl_typesupport_c__pyext.dir/rosidl_generator_py/tensegrity_interfaces/_tensegrity_interfaces_s.ep.rosidl_typesupport_c.c.o[0m
[10.731s] [ 97%] [32mBuilding C object CMakeFiles/tensegrity_interfaces__rosidl_typesupport_fastrtps_c__pyext.dir/rosidl_generator_py/tensegrity_interfaces/_tensegrity_interfaces_s.ep.rosidl_typesupport_fastrtps_c.c.o[0m
[10.731s] [ 97%] [32mBuilding C object CMakeFiles/tensegrity_interfaces__rosidl_typesupport_introspection_c__pyext.dir/rosidl_generator_py/tensegrity_interfaces/_tensegrity_interfaces_s.ep.rosidl_typesupport_introspection_c.c.o[0m
[10.877s] [ 98%] [32m[1mLinking C shared library rosidl_generator_py/tensegrity_interfaces/tensegrity_interfaces_s__rosidl_typesupport_fastrtps_c.cpython-310-x86_64-linux-gnu.so[0m
[10.880s] [ 99%] [32m[1mLinking C shared library rosidl_generator_py/tensegrity_interfaces/tensegrity_interfaces_s__rosidl_typesupport_introspection_c.cpython-310-x86_64-linux-gnu.so[0m
[10.884s] [100%] [32m[1mLinking C shared library rosidl_generator_py/tensegrity_interfaces/tensegrity_interfaces_s__rosidl_typesupport_c.cpython-310-x86_64-linux-gnu.so[0m
[10.920s] [100%] Built target tensegrity_interfaces__rosidl_typesupport_introspection_c__pyext
[10.920s] [100%] Built target tensegrity_interfaces__rosidl_typesupport_fastrtps_c__pyext
[10.931s] [100%] Built target tensegrity_interfaces__rosidl_typesupport_c__pyext
[10.943s] Invoked command in '/home/pracsys/Desktop/tensegrity/ros2_ws/src/build/tensegrity_interfaces' returned '0': CMAKE_PREFIX_PATH=/opt/ros/humble:${CMAKE_PREFIX_PATH} /usr/bin/cmake --build /home/pracsys/Desktop/tensegrity/ros2_ws/src/build/tensegrity_interfaces -- -j12 -l12
[10.952s] Invoking command in '/home/pracsys/Desktop/tensegrity/ros2_ws/src/build/tensegrity_interfaces': CMAKE_PREFIX_PATH=/opt/ros/humble:${CMAKE_PREFIX_PATH} /usr/bin/cmake --install /home/pracsys/Desktop/tensegrity/ros2_ws/src/build/tensegrity_interfaces
[10.960s] -- Install configuration: ""
[10.960s] -- Execute custom install script
[10.960s] -- Symlinking: /home/pracsys/Desktop/tensegrity/ros2_ws/src/install/tensegrity_interfaces/share/ament_index/resource_index/rosidl_interfaces/tensegrity_interfaces
[10.972s] -- Symlinking: /home/pracsys/Desktop/tensegrity/ros2_ws/src/install/tensegrity_interfaces/include/tensegrity_interfaces/tensegrity_interfaces/msg/action.h
[10.982s] -- Symlinking: /home/pracsys/Desktop/tensegrity/ros2_ws/src/install/tensegrity_interfaces/include/tensegrity_interfaces/tensegrity_interfaces/msg/detail/action__functions.h
[10.992s] -- Symlinking: /home/pracsys/Desktop/tensegrity/ros2_ws/src/install/tensegrity_interfaces/include/tensegrity_interfaces/tensegrity_interfaces/msg/detail/action__struct.h
[11.002s] -- Symlinking: /home/pracsys/Desktop/tensegrity/ros2_ws/src/install/tensegrity_interfaces/include/tensegrity_interfaces/tensegrity_interfaces/msg/detail/action__type_support.h
[11.011s] -- Symlinking: /home/pracsys/Desktop/tensegrity/ros2_ws/src/install/tensegrity_interfaces/include/tensegrity_interfaces/tensegrity_interfaces/msg/detail/imu__functions.h
[11.021s] -- Symlinking: /home/pracsys/Desktop/tensegrity/ros2_ws/src/install/tensegrity_interfaces/include/tensegrity_interfaces/tensegrity_interfaces/msg/detail/imu__struct.h
[11.030s] -- Symlinking: /home/pracsys/Desktop/tensegrity/ros2_ws/src/install/tensegrity_interfaces/include/tensegrity_interfaces/tensegrity_interfaces/msg/detail/imu__type_support.h
[11.039s] -- Symlinking: /home/pracsys/Desktop/tensegrity/ros2_ws/src/install/tensegrity_interfaces/include/tensegrity_interfaces/tensegrity_interfaces/msg/detail/imu_stamped__functions.h
[11.050s] -- Symlinking: /home/pracsys/Desktop/tensegrity/ros2_ws/src/install/tensegrity_interfaces/include/tensegrity_interfaces/tensegrity_interfaces/msg/detail/imu_stamped__struct.h
[11.060s] -- Symlinking: /home/pracsys/Desktop/tensegrity/ros2_ws/src/install/tensegrity_interfaces/include/tensegrity_interfaces/tensegrity_interfaces/msg/detail/imu_stamped__type_support.h
[11.069s] -- Symlinking: /home/pracsys/Desktop/tensegrity/ros2_ws/src/install/tensegrity_interfaces/include/tensegrity_interfaces/tensegrity_interfaces/msg/detail/info__functions.h
[11.078s] -- Symlinking: /home/pracsys/Desktop/tensegrity/ros2_ws/src/install/tensegrity_interfaces/include/tensegrity_interfaces/tensegrity_interfaces/msg/detail/info__struct.h
[11.090s] -- Symlinking: /home/pracsys/Desktop/tensegrity/ros2_ws/src/install/tensegrity_interfaces/include/tensegrity_interfaces/tensegrity_interfaces/msg/detail/info__type_support.h
[11.099s] -- Symlinking: /home/pracsys/Desktop/tensegrity/ros2_ws/src/install/tensegrity_interfaces/include/tensegrity_interfaces/tensegrity_interfaces/msg/detail/motor__functions.h
[11.111s] -- Symlinking: /home/pracsys/Desktop/tensegrity/ros2_ws/src/install/tensegrity_interfaces/include/tensegrity_interfaces/tensegrity_interfaces/msg/detail/motor__struct.h
[11.120s] -- Symlinking: /home/pracsys/Desktop/tensegrity/ros2_ws/src/install/tensegrity_interfaces/include/tensegrity_interfaces/tensegrity_interfaces/msg/detail/motor__type_support.h
[11.129s] -- Symlinking: /home/pracsys/Desktop/tensegrity/ros2_ws/src/install/tensegrity_interfaces/include/tensegrity_interfaces/tensegrity_interfaces/msg/detail/motors_stamped__functions.h
[11.138s] -- Symlinking: /home/pracsys/Desktop/tensegrity/ros2_ws/src/install/tensegrity_interfaces/include/tensegrity_interfaces/tensegrity_interfaces/msg/detail/motors_stamped__struct.h
[11.146s] -- Symlinking: /home/pracsys/Desktop/tensegrity/ros2_ws/src/install/tensegrity_interfaces/include/tensegrity_interfaces/tensegrity_interfaces/msg/detail/motors_stamped__type_support.h
[11.157s] -- Symlinking: /home/pracsys/Desktop/tensegrity/ros2_ws/src/install/tensegrity_interfaces/include/tensegrity_interfaces/tensegrity_interfaces/msg/detail/node__functions.h
[11.167s] -- Symlinking: /home/pracsys/Desktop/tensegrity/ros2_ws/src/install/tensegrity_interfaces/include/tensegrity_interfaces/tensegrity_interfaces/msg/detail/node__struct.h
[11.176s] -- Symlinking: /home/pracsys/Desktop/tensegrity/ros2_ws/src/install/tensegrity_interfaces/include/tensegrity_interfaces/tensegrity_interfaces/msg/detail/node__type_support.h
[11.187s] -- Symlinking: /home/pracsys/Desktop/tensegrity/ros2_ws/src/install/tensegrity_interfaces/include/tensegrity_interfaces/tensegrity_interfaces/msg/detail/nodes_stamped__functions.h
[11.196s] -- Symlinking: /home/pracsys/Desktop/tensegrity/ros2_ws/src/install/tensegrity_interfaces/include/tensegrity_interfaces/tensegrity_interfaces/msg/detail/nodes_stamped__struct.h
[11.205s] -- Symlinking: /home/pracsys/Desktop/tensegrity/ros2_ws/src/install/tensegrity_interfaces/include/tensegrity_interfaces/tensegrity_interfaces/msg/detail/nodes_stamped__type_support.h
[11.214s] -- Symlinking: /home/pracsys/Desktop/tensegrity/ros2_ws/src/install/tensegrity_interfaces/include/tensegrity_interfaces/tensegrity_interfaces/msg/detail/sensor__functions.h
[11.224s] -- Symlinking: /home/pracsys/Desktop/tensegrity/ros2_ws/src/install/tensegrity_interfaces/include/tensegrity_interfaces/tensegrity_interfaces/msg/detail/sensor__struct.h
[11.233s] -- Symlinking: /home/pracsys/Desktop/tensegrity/ros2_ws/src/install/tensegrity_interfaces/include/tensegrity_interfaces/tensegrity_interfaces/msg/detail/sensor__type_support.h
[11.242s] -- Symlinking: /home/pracsys/Desktop/tensegrity/ros2_ws/src/install/tensegrity_interfaces/include/tensegrity_interfaces/tensegrity_interfaces/msg/detail/sensors_stamped__functions.h
[11.254s] -- Symlinking: /home/pracsys/Desktop/tensegrity/ros2_ws/src/install/tensegrity_interfaces/include/tensegrity_interfaces/tensegrity_interfaces/msg/detail/sensors_stamped__struct.h
[11.264s] -- Symlinking: /home/pracsys/Desktop/tensegrity/ros2_ws/src/install/tensegrity_interfaces/include/tensegrity_interfaces/tensegrity_interfaces/msg/detail/sensors_stamped__type_support.h
[11.272s] -- Symlinking: /home/pracsys/Desktop/tensegrity/ros2_ws/src/install/tensegrity_interfaces/include/tensegrity_interfaces/tensegrity_interfaces/msg/detail/stamped_index__functions.h
[11.281s] -- Symlinking: /home/pracsys/Desktop/tensegrity/ros2_ws/src/install/tensegrity_interfaces/include/tensegrity_interfaces/tensegrity_interfaces/msg/detail/stamped_index__struct.h
[11.289s] -- Symlinking: /home/pracsys/Desktop/tensegrity/ros2_ws/src/install/tensegrity_interfaces/include/tensegrity_interfaces/tensegrity_interfaces/msg/detail/stamped_index__type_support.h
[11.300s] -- Symlinking: /home/pracsys/Desktop/tensegrity/ros2_ws/src/install/tensegrity_interfaces/include/tensegrity_interfaces/tensegrity_interfaces/msg/detail/state__functions.h
[11.309s] -- Symlinking: /home/pracsys/Desktop/tensegrity/ros2_ws/src/install/tensegrity_interfaces/include/tensegrity_interfaces/tensegrity_interfaces/msg/detail/state__struct.h
[11.318s] -- Symlinking: /home/pracsys/Desktop/tensegrity/ros2_ws/src/install/tensegrity_interfaces/include/tensegrity_interfaces/tensegrity_interfaces/msg/detail/state__type_support.h
[11.327s] -- Symlinking: /home/pracsys/Desktop/tensegrity/ros2_ws/src/install/tensegrity_interfaces/include/tensegrity_interfaces/tensegrity_interfaces/msg/detail/tensegrity_stamped__functions.h
[11.335s] -- Symlinking: /home/pracsys/Desktop/tensegrity/ros2_ws/src/install/tensegrity_interfaces/include/tensegrity_interfaces/tensegrity_interfaces/msg/detail/tensegrity_stamped__struct.h
[11.346s] -- Symlinking: /home/pracsys/Desktop/tensegrity/ros2_ws/src/install/tensegrity_interfaces/include/tensegrity_interfaces/tensegrity_interfaces/msg/detail/tensegrity_stamped__type_support.h
[11.356s] -- Symlinking: /home/pracsys/Desktop/tensegrity/ros2_ws/src/install/tensegrity_interfaces/include/tensegrity_interfaces/tensegrity_interfaces/msg/detail/trajectory__functions.h
[11.365s] -- Symlinking: /home/pracsys/Desktop/tensegrity/ros2_ws/src/install/tensegrity_interfaces/include/tensegrity_interfaces/tensegrity_interfaces/msg/detail/trajectory__struct.h
[11.374s] -- Symlinking: /home/pracsys/Desktop/tensegrity/ros2_ws/src/install/tensegrity_interfaces/include/tensegrity_interfaces/tensegrity_interfaces/msg/detail/trajectory__type_support.h
[11.383s] -- Symlinking: /home/pracsys/Desktop/tensegrity/ros2_ws/src/install/tensegrity_interfaces/include/tensegrity_interfaces/tensegrity_interfaces/msg/imu.h
[11.393s] -- Symlinking: /home/pracsys/Desktop/tensegrity/ros2_ws/src/install/tensegrity_interfaces/include/tensegrity_interfaces/tensegrity_interfaces/msg/imu_stamped.h
[11.402s] -- Symlinking: /home/pracsys/Desktop/tensegrity/ros2_ws/src/install/tensegrity_interfaces/include/tensegrity_interfaces/tensegrity_interfaces/msg/info.h
[11.411s] -- Symlinking: /home/pracsys/Desktop/tensegrity/ros2_ws/src/install/tensegrity_interfaces/include/tensegrity_interfaces/tensegrity_interfaces/msg/motor.h
[11.420s] -- Symlinking: /home/pracsys/Desktop/tensegrity/ros2_ws/src/install/tensegrity_interfaces/include/tensegrity_interfaces/tensegrity_interfaces/msg/motors_stamped.h
[11.429s] -- Symlinking: /home/pracsys/Desktop/tensegrity/ros2_ws/src/install/tensegrity_interfaces/include/tensegrity_interfaces/tensegrity_interfaces/msg/node.h
[11.439s] -- Symlinking: /home/pracsys/Desktop/tensegrity/ros2_ws/src/install/tensegrity_interfaces/include/tensegrity_interfaces/tensegrity_interfaces/msg/nodes_stamped.h
[11.449s] -- Symlinking: /home/pracsys/Desktop/tensegrity/ros2_ws/src/install/tensegrity_interfaces/include/tensegrity_interfaces/tensegrity_interfaces/msg/rosidl_generator_c__visibility_control.h
[11.461s] -- Symlinking: /home/pracsys/Desktop/tensegrity/ros2_ws/src/install/tensegrity_interfaces/include/tensegrity_interfaces/tensegrity_interfaces/msg/sensor.h
[11.472s] -- Symlinking: /home/pracsys/Desktop/tensegrity/ros2_ws/src/install/tensegrity_interfaces/include/tensegrity_interfaces/tensegrity_interfaces/msg/sensors_stamped.h
[11.482s] -- Symlinking: /home/pracsys/Desktop/tensegrity/ros2_ws/src/install/tensegrity_interfaces/include/tensegrity_interfaces/tensegrity_interfaces/msg/stamped_index.h
[11.493s] -- Symlinking: /home/pracsys/Desktop/tensegrity/ros2_ws/src/install/tensegrity_interfaces/include/tensegrity_interfaces/tensegrity_interfaces/msg/state.h
[11.504s] -- Symlinking: /home/pracsys/Desktop/tensegrity/ros2_ws/src/install/tensegrity_interfaces/include/tensegrity_interfaces/tensegrity_interfaces/msg/tensegrity_stamped.h
[11.514s] -- Symlinking: /home/pracsys/Desktop/tensegrity/ros2_ws/src/install/tensegrity_interfaces/include/tensegrity_interfaces/tensegrity_interfaces/msg/trajectory.h
[11.524s] -- Symlinking: /home/pracsys/Desktop/tensegrity/ros2_ws/src/install/tensegrity_interfaces/share/tensegrity_interfaces/environment/library_path.sh
[11.533s] -- Symlinking: /home/pracsys/Desktop/tensegrity/ros2_ws/src/install/tensegrity_interfaces/share/tensegrity_interfaces/environment/library_path.dsv
[11.545s] -- Symlinking: /home/pracsys/Desktop/tensegrity/ros2_ws/src/install/tensegrity_interfaces/include/tensegrity_interfaces/tensegrity_interfaces/msg/detail/action__rosidl_typesupport_fastrtps_c.h
[11.556s] -- Symlinking: /home/pracsys/Desktop/tensegrity/ros2_ws/src/install/tensegrity_interfaces/include/tensegrity_interfaces/tensegrity_interfaces/msg/detail/imu__rosidl_typesupport_fastrtps_c.h
[11.568s] -- Symlinking: /home/pracsys/Desktop/tensegrity/ros2_ws/src/install/tensegrity_interfaces/include/tensegrity_interfaces/tensegrity_interfaces/msg/detail/imu_stamped__rosidl_typesupport_fastrtps_c.h
[11.577s] -- Symlinking: /home/pracsys/Desktop/tensegrity/ros2_ws/src/install/tensegrity_interfaces/include/tensegrity_interfaces/tensegrity_interfaces/msg/detail/info__rosidl_typesupport_fastrtps_c.h
[11.588s] -- Symlinking: /home/pracsys/Desktop/tensegrity/ros2_ws/src/install/tensegrity_interfaces/include/tensegrity_interfaces/tensegrity_interfaces/msg/detail/motor__rosidl_typesupport_fastrtps_c.h
[11.598s] -- Symlinking: /home/pracsys/Desktop/tensegrity/ros2_ws/src/install/tensegrity_interfaces/include/tensegrity_interfaces/tensegrity_interfaces/msg/detail/motors_stamped__rosidl_typesupport_fastrtps_c.h
[11.607s] -- Symlinking: /home/pracsys/Desktop/tensegrity/ros2_ws/src/install/tensegrity_interfaces/include/tensegrity_interfaces/tensegrity_interfaces/msg/detail/node__rosidl_typesupport_fastrtps_c.h
[11.617s] -- Symlinking: /home/pracsys/Desktop/tensegrity/ros2_ws/src/install/tensegrity_interfaces/include/tensegrity_interfaces/tensegrity_interfaces/msg/detail/nodes_stamped__rosidl_typesupport_fastrtps_c.h
[11.626s] -- Symlinking: /home/pracsys/Desktop/tensegrity/ros2_ws/src/install/tensegrity_interfaces/include/tensegrity_interfaces/tensegrity_interfaces/msg/detail/sensor__rosidl_typesupport_fastrtps_c.h
[11.636s] -- Symlinking: /home/pracsys/Desktop/tensegrity/ros2_ws/src/install/tensegrity_interfaces/include/tensegrity_interfaces/tensegrity_interfaces/msg/detail/sensors_stamped__rosidl_typesupport_fastrtps_c.h
[11.645s] -- Symlinking: /home/pracsys/Desktop/tensegrity/ros2_ws/src/install/tensegrity_interfaces/include/tensegrity_interfaces/tensegrity_interfaces/msg/detail/stamped_index__rosidl_typesupport_fastrtps_c.h
[11.655s] -- Symlinking: /home/pracsys/Desktop/tensegrity/ros2_ws/src/install/tensegrity_interfaces/include/tensegrity_interfaces/tensegrity_interfaces/msg/detail/state__rosidl_typesupport_fastrtps_c.h
[11.668s] -- Symlinking: /home/pracsys/Desktop/tensegrity/ros2_ws/src/install/tensegrity_interfaces/include/tensegrity_interfaces/tensegrity_interfaces/msg/detail/tensegrity_stamped__rosidl_typesupport_fastrtps_c.h
[11.679s] -- Symlinking: /home/pracsys/Desktop/tensegrity/ros2_ws/src/install/tensegrity_interfaces/include/tensegrity_interfaces/tensegrity_interfaces/msg/detail/trajectory__rosidl_typesupport_fastrtps_c.h
[11.690s] -- Symlinking: /home/pracsys/Desktop/tensegrity/ros2_ws/src/install/tensegrity_interfaces/include/tensegrity_interfaces/tensegrity_interfaces/msg/rosidl_typesupport_fastrtps_c__visibility_control.h
[11.700s] -- Symlinking: /home/pracsys/Desktop/tensegrity/ros2_ws/src/install/tensegrity_interfaces/include/tensegrity_interfaces/tensegrity_interfaces/msg/detail/action__rosidl_typesupport_introspection_c.h
[11.710s] -- Symlinking: /home/pracsys/Desktop/tensegrity/ros2_ws/src/install/tensegrity_interfaces/include/tensegrity_interfaces/tensegrity_interfaces/msg/detail/imu__rosidl_typesupport_introspection_c.h
[11.721s] -- Symlinking: /home/pracsys/Desktop/tensegrity/ros2_ws/src/install/tensegrity_interfaces/include/tensegrity_interfaces/tensegrity_interfaces/msg/detail/imu_stamped__rosidl_typesupport_introspection_c.h
[11.730s] -- Symlinking: /home/pracsys/Desktop/tensegrity/ros2_ws/src/install/tensegrity_interfaces/include/tensegrity_interfaces/tensegrity_interfaces/msg/detail/info__rosidl_typesupport_introspection_c.h
[11.740s] -- Symlinking: /home/pracsys/Desktop/tensegrity/ros2_ws/src/install/tensegrity_interfaces/include/tensegrity_interfaces/tensegrity_interfaces/msg/detail/motor__rosidl_typesupport_introspection_c.h
[11.749s] -- Symlinking: /home/pracsys/Desktop/tensegrity/ros2_ws/src/install/tensegrity_interfaces/include/tensegrity_interfaces/tensegrity_interfaces/msg/detail/motors_stamped__rosidl_typesupport_introspection_c.h
[11.759s] -- Symlinking: /home/pracsys/Desktop/tensegrity/ros2_ws/src/install/tensegrity_interfaces/include/tensegrity_interfaces/tensegrity_interfaces/msg/detail/node__rosidl_typesupport_introspection_c.h
[11.769s] -- Symlinking: /home/pracsys/Desktop/tensegrity/ros2_ws/src/install/tensegrity_interfaces/include/tensegrity_interfaces/tensegrity_interfaces/msg/detail/nodes_stamped__rosidl_typesupport_introspection_c.h
[11.778s] -- Symlinking: /home/pracsys/Desktop/tensegrity/ros2_ws/src/install/tensegrity_interfaces/include/tensegrity_interfaces/tensegrity_interfaces/msg/detail/sensor__rosidl_typesupport_introspection_c.h
[11.790s] -- Symlinking: /home/pracsys/Desktop/tensegrity/ros2_ws/src/install/tensegrity_interfaces/include/tensegrity_interfaces/tensegrity_interfaces/msg/detail/sensors_stamped__rosidl_typesupport_introspection_c.h
[11.799s] -- Symlinking: /home/pracsys/Desktop/tensegrity/ros2_ws/src/install/tensegrity_interfaces/include/tensegrity_interfaces/tensegrity_interfaces/msg/detail/stamped_index__rosidl_typesupport_introspection_c.h
[11.809s] -- Symlinking: /home/pracsys/Desktop/tensegrity/ros2_ws/src/install/tensegrity_interfaces/include/tensegrity_interfaces/tensegrity_interfaces/msg/detail/state__rosidl_typesupport_introspection_c.h
[11.819s] -- Symlinking: /home/pracsys/Desktop/tensegrity/ros2_ws/src/install/tensegrity_interfaces/include/tensegrity_interfaces/tensegrity_interfaces/msg/detail/tensegrity_stamped__rosidl_typesupport_introspection_c.h
[11.829s] -- Symlinking: /home/pracsys/Desktop/tensegrity/ros2_ws/src/install/tensegrity_interfaces/include/tensegrity_interfaces/tensegrity_interfaces/msg/detail/trajectory__rosidl_typesupport_introspection_c.h
[11.838s] -- Symlinking: /home/pracsys/Desktop/tensegrity/ros2_ws/src/install/tensegrity_interfaces/include/tensegrity_interfaces/tensegrity_interfaces/msg/rosidl_typesupport_introspection_c__visibility_control.h
[11.850s] -- Symlinking: /home/pracsys/Desktop/tensegrity/ros2_ws/src/install/tensegrity_interfaces/include/tensegrity_interfaces/tensegrity_interfaces/msg/action.hpp
[11.861s] -- Symlinking: /home/pracsys/Desktop/tensegrity/ros2_ws/src/install/tensegrity_interfaces/include/tensegrity_interfaces/tensegrity_interfaces/msg/detail/action__builder.hpp
[11.870s] -- Symlinking: /home/pracsys/Desktop/tensegrity/ros2_ws/src/install/tensegrity_interfaces/include/tensegrity_interfaces/tensegrity_interfaces/msg/detail/action__struct.hpp
[11.881s] -- Symlinking: /home/pracsys/Desktop/tensegrity/ros2_ws/src/install/tensegrity_interfaces/include/tensegrity_interfaces/tensegrity_interfaces/msg/detail/action__traits.hpp
[11.893s] -- Symlinking: /home/pracsys/Desktop/tensegrity/ros2_ws/src/install/tensegrity_interfaces/include/tensegrity_interfaces/tensegrity_interfaces/msg/detail/action__type_support.hpp
[11.902s] -- Symlinking: /home/pracsys/Desktop/tensegrity/ros2_ws/src/install/tensegrity_interfaces/include/tensegrity_interfaces/tensegrity_interfaces/msg/detail/imu__builder.hpp
[11.912s] -- Symlinking: /home/pracsys/Desktop/tensegrity/ros2_ws/src/install/tensegrity_interfaces/include/tensegrity_interfaces/tensegrity_interfaces/msg/detail/imu__struct.hpp
[11.921s] -- Symlinking: /home/pracsys/Desktop/tensegrity/ros2_ws/src/install/tensegrity_interfaces/include/tensegrity_interfaces/tensegrity_interfaces/msg/detail/imu__traits.hpp
[11.932s] -- Symlinking: /home/pracsys/Desktop/tensegrity/ros2_ws/src/install/tensegrity_interfaces/include/tensegrity_interfaces/tensegrity_interfaces/msg/detail/imu__type_support.hpp
[11.941s] -- Symlinking: /home/pracsys/Desktop/tensegrity/ros2_ws/src/install/tensegrity_interfaces/include/tensegrity_interfaces/tensegrity_interfaces/msg/detail/imu_stamped__builder.hpp
[11.951s] -- Symlinking: /home/pracsys/Desktop/tensegrity/ros2_ws/src/install/tensegrity_interfaces/include/tensegrity_interfaces/tensegrity_interfaces/msg/detail/imu_stamped__struct.hpp
[11.962s] -- Symlinking: /home/pracsys/Desktop/tensegrity/ros2_ws/src/install/tensegrity_interfaces/include/tensegrity_interfaces/tensegrity_interfaces/msg/detail/imu_stamped__traits.hpp
[11.971s] -- Symlinking: /home/pracsys/Desktop/tensegrity/ros2_ws/src/install/tensegrity_interfaces/include/tensegrity_interfaces/tensegrity_interfaces/msg/detail/imu_stamped__type_support.hpp
[11.980s] -- Symlinking: /home/pracsys/Desktop/tensegrity/ros2_ws/src/install/tensegrity_interfaces/include/tensegrity_interfaces/tensegrity_interfaces/msg/detail/info__builder.hpp
[11.988s] -- Symlinking: /home/pracsys/Desktop/tensegrity/ros2_ws/src/install/tensegrity_interfaces/include/tensegrity_interfaces/tensegrity_interfaces/msg/detail/info__struct.hpp
[11.999s] -- Symlinking: /home/pracsys/Desktop/tensegrity/ros2_ws/src/install/tensegrity_interfaces/include/tensegrity_interfaces/tensegrity_interfaces/msg/detail/info__traits.hpp
[12.007s] -- Symlinking: /home/pracsys/Desktop/tensegrity/ros2_ws/src/install/tensegrity_interfaces/include/tensegrity_interfaces/tensegrity_interfaces/msg/detail/info__type_support.hpp
[12.016s] -- Symlinking: /home/pracsys/Desktop/tensegrity/ros2_ws/src/install/tensegrity_interfaces/include/tensegrity_interfaces/tensegrity_interfaces/msg/detail/motor__builder.hpp
[12.024s] -- Symlinking: /home/pracsys/Desktop/tensegrity/ros2_ws/src/install/tensegrity_interfaces/include/tensegrity_interfaces/tensegrity_interfaces/msg/detail/motor__struct.hpp
[12.032s] -- Symlinking: /home/pracsys/Desktop/tensegrity/ros2_ws/src/install/tensegrity_interfaces/include/tensegrity_interfaces/tensegrity_interfaces/msg/detail/motor__traits.hpp
[12.039s] -- Symlinking: /home/pracsys/Desktop/tensegrity/ros2_ws/src/install/tensegrity_interfaces/include/tensegrity_interfaces/tensegrity_interfaces/msg/detail/motor__type_support.hpp
[12.049s] -- Symlinking: /home/pracsys/Desktop/tensegrity/ros2_ws/src/install/tensegrity_interfaces/include/tensegrity_interfaces/tensegrity_interfaces/msg/detail/motors_stamped__builder.hpp
[12.059s] -- Symlinking: /home/pracsys/Desktop/tensegrity/ros2_ws/src/install/tensegrity_interfaces/include/tensegrity_interfaces/tensegrity_interfaces/msg/detail/motors_stamped__struct.hpp
[12.069s] -- Symlinking: /home/pracsys/Desktop/tensegrity/ros2_ws/src/install/tensegrity_interfaces/include/tensegrity_interfaces/tensegrity_interfaces/msg/detail/motors_stamped__traits.hpp
[12.078s] -- Symlinking: /home/pracsys/Desktop/tensegrity/ros2_ws/src/install/tensegrity_interfaces/include/tensegrity_interfaces/tensegrity_interfaces/msg/detail/motors_stamped__type_support.hpp
[12.087s] -- Symlinking: /home/pracsys/Desktop/tensegrity/ros2_ws/src/install/tensegrity_interfaces/include/tensegrity_interfaces/tensegrity_interfaces/msg/detail/node__builder.hpp
[12.097s] -- Symlinking: /home/pracsys/Desktop/tensegrity/ros2_ws/src/install/tensegrity_interfaces/include/tensegrity_interfaces/tensegrity_interfaces/msg/detail/node__struct.hpp
[12.107s] -- Symlinking: /home/pracsys/Desktop/tensegrity/ros2_ws/src/install/tensegrity_interfaces/include/tensegrity_interfaces/tensegrity_interfaces/msg/detail/node__traits.hpp
[12.117s] -- Symlinking: /home/pracsys/Desktop/tensegrity/ros2_ws/src/install/tensegrity_interfaces/include/tensegrity_interfaces/tensegrity_interfaces/msg/detail/node__type_support.hpp
[12.126s] -- Symlinking: /home/pracsys/Desktop/tensegrity/ros2_ws/src/install/tensegrity_interfaces/include/tensegrity_interfaces/tensegrity_interfaces/msg/detail/nodes_stamped__builder.hpp
[12.135s] -- Symlinking: /home/pracsys/Desktop/tensegrity/ros2_ws/src/install/tensegrity_interfaces/include/tensegrity_interfaces/tensegrity_interfaces/msg/detail/nodes_stamped__struct.hpp
[12.145s] -- Symlinking: /home/pracsys/Desktop/tensegrity/ros2_ws/src/install/tensegrity_interfaces/include/tensegrity_interfaces/tensegrity_interfaces/msg/detail/nodes_stamped__traits.hpp
[12.155s] -- Symlinking: /home/pracsys/Desktop/tensegrity/ros2_ws/src/install/tensegrity_interfaces/include/tensegrity_interfaces/tensegrity_interfaces/msg/detail/nodes_stamped__type_support.hpp
[12.167s] -- Symlinking: /home/pracsys/Desktop/tensegrity/ros2_ws/src/install/tensegrity_interfaces/include/tensegrity_interfaces/tensegrity_interfaces/msg/detail/sensor__builder.hpp
[12.178s] -- Symlinking: /home/pracsys/Desktop/tensegrity/ros2_ws/src/install/tensegrity_interfaces/include/tensegrity_interfaces/tensegrity_interfaces/msg/detail/sensor__struct.hpp
[12.188s] -- Symlinking: /home/pracsys/Desktop/tensegrity/ros2_ws/src/install/tensegrity_interfaces/include/tensegrity_interfaces/tensegrity_interfaces/msg/detail/sensor__traits.hpp
[12.198s] -- Symlinking: /home/pracsys/Desktop/tensegrity/ros2_ws/src/install/tensegrity_interfaces/include/tensegrity_interfaces/tensegrity_interfaces/msg/detail/sensor__type_support.hpp
[12.208s] -- Symlinking: /home/pracsys/Desktop/tensegrity/ros2_ws/src/install/tensegrity_interfaces/include/tensegrity_interfaces/tensegrity_interfaces/msg/detail/sensors_stamped__builder.hpp
[12.218s] -- Symlinking: /home/pracsys/Desktop/tensegrity/ros2_ws/src/install/tensegrity_interfaces/include/tensegrity_interfaces/tensegrity_interfaces/msg/detail/sensors_stamped__struct.hpp
[12.227s] -- Symlinking: /home/pracsys/Desktop/tensegrity/ros2_ws/src/install/tensegrity_interfaces/include/tensegrity_interfaces/tensegrity_interfaces/msg/detail/sensors_stamped__traits.hpp
[12.236s] -- Symlinking: /home/pracsys/Desktop/tensegrity/ros2_ws/src/install/tensegrity_interfaces/include/tensegrity_interfaces/tensegrity_interfaces/msg/detail/sensors_stamped__type_support.hpp
[12.245s] -- Symlinking: /home/pracsys/Desktop/tensegrity/ros2_ws/src/install/tensegrity_interfaces/include/tensegrity_interfaces/tensegrity_interfaces/msg/detail/stamped_index__builder.hpp
[12.256s] -- Symlinking: /home/pracsys/Desktop/tensegrity/ros2_ws/src/install/tensegrity_interfaces/include/tensegrity_interfaces/tensegrity_interfaces/msg/detail/stamped_index__struct.hpp
[12.266s] -- Symlinking: /home/pracsys/Desktop/tensegrity/ros2_ws/src/install/tensegrity_interfaces/include/tensegrity_interfaces/tensegrity_interfaces/msg/detail/stamped_index__traits.hpp
[12.276s] -- Symlinking: /home/pracsys/Desktop/tensegrity/ros2_ws/src/install/tensegrity_interfaces/include/tensegrity_interfaces/tensegrity_interfaces/msg/detail/stamped_index__type_support.hpp
[12.286s] -- Symlinking: /home/pracsys/Desktop/tensegrity/ros2_ws/src/install/tensegrity_interfaces/include/tensegrity_interfaces/tensegrity_interfaces/msg/detail/state__builder.hpp
[12.296s] -- Symlinking: /home/pracsys/Desktop/tensegrity/ros2_ws/src/install/tensegrity_interfaces/include/tensegrity_interfaces/tensegrity_interfaces/msg/detail/state__struct.hpp
[12.306s] -- Symlinking: /home/pracsys/Desktop/tensegrity/ros2_ws/src/install/tensegrity_interfaces/include/tensegrity_interfaces/tensegrity_interfaces/msg/detail/state__traits.hpp
[12.315s] -- Symlinking: /home/pracsys/Desktop/tensegrity/ros2_ws/src/install/tensegrity_interfaces/include/tensegrity_interfaces/tensegrity_interfaces/msg/detail/state__type_support.hpp
[12.324s] -- Symlinking: /home/pracsys/Desktop/tensegrity/ros2_ws/src/install/tensegrity_interfaces/include/tensegrity_interfaces/tensegrity_interfaces/msg/detail/tensegrity_stamped__builder.hpp
[12.334s] -- Symlinking: /home/pracsys/Desktop/tensegrity/ros2_ws/src/install/tensegrity_interfaces/include/tensegrity_interfaces/tensegrity_interfaces/msg/detail/tensegrity_stamped__struct.hpp
[12.345s] -- Symlinking: /home/pracsys/Desktop/tensegrity/ros2_ws/src/install/tensegrity_interfaces/include/tensegrity_interfaces/tensegrity_interfaces/msg/detail/tensegrity_stamped__traits.hpp
[12.357s] -- Symlinking: /home/pracsys/Desktop/tensegrity/ros2_ws/src/install/tensegrity_interfaces/include/tensegrity_interfaces/tensegrity_interfaces/msg/detail/tensegrity_stamped__type_support.hpp
[12.369s] -- Symlinking: /home/pracsys/Desktop/tensegrity/ros2_ws/src/install/tensegrity_interfaces/include/tensegrity_interfaces/tensegrity_interfaces/msg/detail/trajectory__builder.hpp
[12.380s] -- Symlinking: /home/pracsys/Desktop/tensegrity/ros2_ws/src/install/tensegrity_interfaces/include/tensegrity_interfaces/tensegrity_interfaces/msg/detail/trajectory__struct.hpp
[12.391s] -- Symlinking: /home/pracsys/Desktop/tensegrity/ros2_ws/src/install/tensegrity_interfaces/include/tensegrity_interfaces/tensegrity_interfaces/msg/detail/trajectory__traits.hpp
[12.402s] -- Symlinking: /home/pracsys/Desktop/tensegrity/ros2_ws/src/install/tensegrity_interfaces/include/tensegrity_interfaces/tensegrity_interfaces/msg/detail/trajectory__type_support.hpp
[12.413s] -- Symlinking: /home/pracsys/Desktop/tensegrity/ros2_ws/src/install/tensegrity_interfaces/include/tensegrity_interfaces/tensegrity_interfaces/msg/imu.hpp
[12.423s] -- Symlinking: /home/pracsys/Desktop/tensegrity/ros2_ws/src/install/tensegrity_interfaces/include/tensegrity_interfaces/tensegrity_interfaces/msg/imu_stamped.hpp
[12.433s] -- Symlinking: /home/pracsys/Desktop/tensegrity/ros2_ws/src/install/tensegrity_interfaces/include/tensegrity_interfaces/tensegrity_interfaces/msg/info.hpp
[12.443s] -- Symlinking: /home/pracsys/Desktop/tensegrity/ros2_ws/src/install/tensegrity_interfaces/include/tensegrity_interfaces/tensegrity_interfaces/msg/motor.hpp
[12.454s] -- Symlinking: /home/pracsys/Desktop/tensegrity/ros2_ws/src/install/tensegrity_interfaces/include/tensegrity_interfaces/tensegrity_interfaces/msg/motors_stamped.hpp
[12.465s] -- Symlinking: /home/pracsys/Desktop/tensegrity/ros2_ws/src/install/tensegrity_interfaces/include/tensegrity_interfaces/tensegrity_interfaces/msg/node.hpp
[12.476s] -- Symlinking: /home/pracsys/Desktop/tensegrity/ros2_ws/src/install/tensegrity_interfaces/include/tensegrity_interfaces/tensegrity_interfaces/msg/nodes_stamped.hpp
[12.486s] -- Symlinking: /home/pracsys/Desktop/tensegrity/ros2_ws/src/install/tensegrity_interfaces/include/tensegrity_interfaces/tensegrity_interfaces/msg/rosidl_generator_cpp__visibility_control.hpp
[12.497s] -- Symlinking: /home/pracsys/Desktop/tensegrity/ros2_ws/src/install/tensegrity_interfaces/include/tensegrity_interfaces/tensegrity_interfaces/msg/sensor.hpp
[12.508s] -- Symlinking: /home/pracsys/Desktop/tensegrity/ros2_ws/src/install/tensegrity_interfaces/include/tensegrity_interfaces/tensegrity_interfaces/msg/sensors_stamped.hpp
[12.518s] -- Symlinking: /home/pracsys/Desktop/tensegrity/ros2_ws/src/install/tensegrity_interfaces/include/tensegrity_interfaces/tensegrity_interfaces/msg/stamped_index.hpp
[12.527s] -- Symlinking: /home/pracsys/Desktop/tensegrity/ros2_ws/src/install/tensegrity_interfaces/include/tensegrity_interfaces/tensegrity_interfaces/msg/state.hpp
[12.539s] -- Symlinking: /home/pracsys/Desktop/tensegrity/ros2_ws/src/install/tensegrity_interfaces/include/tensegrity_interfaces/tensegrity_interfaces/msg/tensegrity_stamped.hpp
[12.549s] -- Symlinking: /home/pracsys/Desktop/tensegrity/ros2_ws/src/install/tensegrity_interfaces/include/tensegrity_interfaces/tensegrity_interfaces/msg/trajectory.hpp
[12.563s] -- Symlinking: /home/pracsys/Desktop/tensegrity/ros2_ws/src/install/tensegrity_interfaces/include/tensegrity_interfaces/tensegrity_interfaces/msg/detail/action__rosidl_typesupport_fastrtps_cpp.hpp
[12.574s] -- Symlinking: /home/pracsys/Desktop/tensegrity/ros2_ws/src/install/tensegrity_interfaces/include/tensegrity_interfaces/tensegrity_interfaces/msg/detail/imu__rosidl_typesupport_fastrtps_cpp.hpp
[12.584s] -- Symlinking: /home/pracsys/Desktop/tensegrity/ros2_ws/src/install/tensegrity_interfaces/include/tensegrity_interfaces/tensegrity_interfaces/msg/detail/imu_stamped__rosidl_typesupport_fastrtps_cpp.hpp
[12.594s] -- Symlinking: /home/pracsys/Desktop/tensegrity/ros2_ws/src/install/tensegrity_interfaces/include/tensegrity_interfaces/tensegrity_interfaces/msg/detail/info__rosidl_typesupport_fastrtps_cpp.hpp
[12.606s] -- Symlinking: /home/pracsys/Desktop/tensegrity/ros2_ws/src/install/tensegrity_interfaces/include/tensegrity_interfaces/tensegrity_interfaces/msg/detail/motor__rosidl_typesupport_fastrtps_cpp.hpp
[12.618s] -- Symlinking: /home/pracsys/Desktop/tensegrity/ros2_ws/src/install/tensegrity_interfaces/include/tensegrity_interfaces/tensegrity_interfaces/msg/detail/motors_stamped__rosidl_typesupport_fastrtps_cpp.hpp
[12.628s] -- Symlinking: /home/pracsys/Desktop/tensegrity/ros2_ws/src/install/tensegrity_interfaces/include/tensegrity_interfaces/tensegrity_interfaces/msg/detail/node__rosidl_typesupport_fastrtps_cpp.hpp
[12.637s] -- Symlinking: /home/pracsys/Desktop/tensegrity/ros2_ws/src/install/tensegrity_interfaces/include/tensegrity_interfaces/tensegrity_interfaces/msg/detail/nodes_stamped__rosidl_typesupport_fastrtps_cpp.hpp
[12.647s] -- Symlinking: /home/pracsys/Desktop/tensegrity/ros2_ws/src/install/tensegrity_interfaces/include/tensegrity_interfaces/tensegrity_interfaces/msg/detail/sensor__rosidl_typesupport_fastrtps_cpp.hpp
[12.662s] -- Symlinking: /home/pracsys/Desktop/tensegrity/ros2_ws/src/install/tensegrity_interfaces/include/tensegrity_interfaces/tensegrity_interfaces/msg/detail/sensors_stamped__rosidl_typesupport_fastrtps_cpp.hpp
[12.673s] -- Symlinking: /home/pracsys/Desktop/tensegrity/ros2_ws/src/install/tensegrity_interfaces/include/tensegrity_interfaces/tensegrity_interfaces/msg/detail/stamped_index__rosidl_typesupport_fastrtps_cpp.hpp
[12.684s] -- Symlinking: /home/pracsys/Desktop/tensegrity/ros2_ws/src/install/tensegrity_interfaces/include/tensegrity_interfaces/tensegrity_interfaces/msg/detail/state__rosidl_typesupport_fastrtps_cpp.hpp
[12.694s] -- Symlinking: /home/pracsys/Desktop/tensegrity/ros2_ws/src/install/tensegrity_interfaces/include/tensegrity_interfaces/tensegrity_interfaces/msg/detail/tensegrity_stamped__rosidl_typesupport_fastrtps_cpp.hpp
[12.704s] -- Symlinking: /home/pracsys/Desktop/tensegrity/ros2_ws/src/install/tensegrity_interfaces/include/tensegrity_interfaces/tensegrity_interfaces/msg/detail/trajectory__rosidl_typesupport_fastrtps_cpp.hpp
[12.715s] -- Symlinking: /home/pracsys/Desktop/tensegrity/ros2_ws/src/install/tensegrity_interfaces/include/tensegrity_interfaces/tensegrity_interfaces/msg/rosidl_typesupport_fastrtps_cpp__visibility_control.h
[12.727s] -- Symlinking: /home/pracsys/Desktop/tensegrity/ros2_ws/src/install/tensegrity_interfaces/include/tensegrity_interfaces/tensegrity_interfaces/msg/detail/action__rosidl_typesupport_introspection_cpp.hpp
[12.737s] -- Symlinking: /home/pracsys/Desktop/tensegrity/ros2_ws/src/install/tensegrity_interfaces/include/tensegrity_interfaces/tensegrity_interfaces/msg/detail/imu__rosidl_typesupport_introspection_cpp.hpp
[12.748s] -- Symlinking: /home/pracsys/Desktop/tensegrity/ros2_ws/src/install/tensegrity_interfaces/include/tensegrity_interfaces/tensegrity_interfaces/msg/detail/imu_stamped__rosidl_typesupport_introspection_cpp.hpp
[12.759s] -- Symlinking: /home/pracsys/Desktop/tensegrity/ros2_ws/src/install/tensegrity_interfaces/include/tensegrity_interfaces/tensegrity_interfaces/msg/detail/info__rosidl_typesupport_introspection_cpp.hpp
[12.772s] -- Symlinking: /home/pracsys/Desktop/tensegrity/ros2_ws/src/install/tensegrity_interfaces/include/tensegrity_interfaces/tensegrity_interfaces/msg/detail/motor__rosidl_typesupport_introspection_cpp.hpp
[12.784s] -- Symlinking: /home/pracsys/Desktop/tensegrity/ros2_ws/src/install/tensegrity_interfaces/include/tensegrity_interfaces/tensegrity_interfaces/msg/detail/motors_stamped__rosidl_typesupport_introspection_cpp.hpp
[12.795s] -- Symlinking: /home/pracsys/Desktop/tensegrity/ros2_ws/src/install/tensegrity_interfaces/include/tensegrity_interfaces/tensegrity_interfaces/msg/detail/node__rosidl_typesupport_introspection_cpp.hpp
[12.805s] -- Symlinking: /home/pracsys/Desktop/tensegrity/ros2_ws/src/install/tensegrity_interfaces/include/tensegrity_interfaces/tensegrity_interfaces/msg/detail/nodes_stamped__rosidl_typesupport_introspection_cpp.hpp
[12.815s] -- Symlinking: /home/pracsys/Desktop/tensegrity/ros2_ws/src/install/tensegrity_interfaces/include/tensegrity_interfaces/tensegrity_interfaces/msg/detail/sensor__rosidl_typesupport_introspection_cpp.hpp
[12.826s] -- Symlinking: /home/pracsys/Desktop/tensegrity/ros2_ws/src/install/tensegrity_interfaces/include/tensegrity_interfaces/tensegrity_interfaces/msg/detail/sensors_stamped__rosidl_typesupport_introspection_cpp.hpp
[12.836s] -- Symlinking: /home/pracsys/Desktop/tensegrity/ros2_ws/src/install/tensegrity_interfaces/include/tensegrity_interfaces/tensegrity_interfaces/msg/detail/stamped_index__rosidl_typesupport_introspection_cpp.hpp
[12.846s] -- Symlinking: /home/pracsys/Desktop/tensegrity/ros2_ws/src/install/tensegrity_interfaces/include/tensegrity_interfaces/tensegrity_interfaces/msg/detail/state__rosidl_typesupport_introspection_cpp.hpp
[12.857s] -- Symlinking: /home/pracsys/Desktop/tensegrity/ros2_ws/src/install/tensegrity_interfaces/include/tensegrity_interfaces/tensegrity_interfaces/msg/detail/tensegrity_stamped__rosidl_typesupport_introspection_cpp.hpp
[12.870s] -- Symlinking: /home/pracsys/Desktop/tensegrity/ros2_ws/src/install/tensegrity_interfaces/include/tensegrity_interfaces/tensegrity_interfaces/msg/detail/trajectory__rosidl_typesupport_introspection_cpp.hpp
[12.881s] -- Symlinking: /home/pracsys/Desktop/tensegrity/ros2_ws/src/install/tensegrity_interfaces/share/tensegrity_interfaces/environment/pythonpath.sh
[12.892s] -- Symlinking: /home/pracsys/Desktop/tensegrity/ros2_ws/src/install/tensegrity_interfaces/share/tensegrity_interfaces/environment/pythonpath.dsv
[12.905s] -- Symlinking: /home/pracsys/Desktop/tensegrity/ros2_ws/src/install/tensegrity_interfaces/local/lib/python3.10/dist-packages/tensegrity_interfaces-0.0.0-py3.10.egg-info/PKG-INFO
[12.916s] -- Symlinking: /home/pracsys/Desktop/tensegrity/ros2_ws/src/install/tensegrity_interfaces/local/lib/python3.10/dist-packages/tensegrity_interfaces-0.0.0-py3.10.egg-info/SOURCES.txt
[12.927s] -- Symlinking: /home/pracsys/Desktop/tensegrity/ros2_ws/src/install/tensegrity_interfaces/local/lib/python3.10/dist-packages/tensegrity_interfaces-0.0.0-py3.10.egg-info/dependency_links.txt
[12.937s] -- Symlinking: /home/pracsys/Desktop/tensegrity/ros2_ws/src/install/tensegrity_interfaces/local/lib/python3.10/dist-packages/tensegrity_interfaces-0.0.0-py3.10.egg-info/top_level.txt
[12.954s] -- Symlinking: /home/pracsys/Desktop/tensegrity/ros2_ws/src/install/tensegrity_interfaces/local/lib/python3.10/dist-packages/tensegrity_interfaces/__init__.py
[12.967s] -- Symlinking: /home/pracsys/Desktop/tensegrity/ros2_ws/src/install/tensegrity_interfaces/local/lib/python3.10/dist-packages/tensegrity_interfaces/_tensegrity_interfaces_s.ep.rosidl_typesupport_c.c
[12.979s] -- Symlinking: /home/pracsys/Desktop/tensegrity/ros2_ws/src/install/tensegrity_interfaces/local/lib/python3.10/dist-packages/tensegrity_interfaces/_tensegrity_interfaces_s.ep.rosidl_typesupport_fastrtps_c.c
[12.988s] -- Symlinking: /home/pracsys/Desktop/tensegrity/ros2_ws/src/install/tensegrity_interfaces/local/lib/python3.10/dist-packages/tensegrity_interfaces/_tensegrity_interfaces_s.ep.rosidl_typesupport_introspection_c.c
[12.999s] -- Symlinking: /home/pracsys/Desktop/tensegrity/ros2_ws/src/install/tensegrity_interfaces/local/lib/python3.10/dist-packages/tensegrity_interfaces/libtensegrity_interfaces__rosidl_generator_py.so
[13.010s] -- Symlinking: /home/pracsys/Desktop/tensegrity/ros2_ws/src/install/tensegrity_interfaces/local/lib/python3.10/dist-packages/tensegrity_interfaces/msg/__init__.py
[13.020s] -- Symlinking: /home/pracsys/Desktop/tensegrity/ros2_ws/src/install/tensegrity_interfaces/local/lib/python3.10/dist-packages/tensegrity_interfaces/msg/_action.py
[13.031s] -- Symlinking: /home/pracsys/Desktop/tensegrity/ros2_ws/src/install/tensegrity_interfaces/local/lib/python3.10/dist-packages/tensegrity_interfaces/msg/_action_s.c
[13.042s] -- Symlinking: /home/pracsys/Desktop/tensegrity/ros2_ws/src/install/tensegrity_interfaces/local/lib/python3.10/dist-packages/tensegrity_interfaces/msg/_imu.py
[13.055s] -- Symlinking: /home/pracsys/Desktop/tensegrity/ros2_ws/src/install/tensegrity_interfaces/local/lib/python3.10/dist-packages/tensegrity_interfaces/msg/_imu_s.c
[13.066s] -- Symlinking: /home/pracsys/Desktop/tensegrity/ros2_ws/src/install/tensegrity_interfaces/local/lib/python3.10/dist-packages/tensegrity_interfaces/msg/_imu_stamped.py
[13.077s] -- Symlinking: /home/pracsys/Desktop/tensegrity/ros2_ws/src/install/tensegrity_interfaces/local/lib/python3.10/dist-packages/tensegrity_interfaces/msg/_imu_stamped_s.c
[13.088s] -- Symlinking: /home/pracsys/Desktop/tensegrity/ros2_ws/src/install/tensegrity_interfaces/local/lib/python3.10/dist-packages/tensegrity_interfaces/msg/_info.py
[13.098s] -- Symlinking: /home/pracsys/Desktop/tensegrity/ros2_ws/src/install/tensegrity_interfaces/local/lib/python3.10/dist-packages/tensegrity_interfaces/msg/_info_s.c
[13.108s] -- Symlinking: /home/pracsys/Desktop/tensegrity/ros2_ws/src/install/tensegrity_interfaces/local/lib/python3.10/dist-packages/tensegrity_interfaces/msg/_motor.py
[13.117s] -- Symlinking: /home/pracsys/Desktop/tensegrity/ros2_ws/src/install/tensegrity_interfaces/local/lib/python3.10/dist-packages/tensegrity_interfaces/msg/_motor_s.c
[13.126s] -- Symlinking: /home/pracsys/Desktop/tensegrity/ros2_ws/src/install/tensegrity_interfaces/local/lib/python3.10/dist-packages/tensegrity_interfaces/msg/_motors_stamped.py
[13.136s] -- Symlinking: /home/pracsys/Desktop/tensegrity/ros2_ws/src/install/tensegrity_interfaces/local/lib/python3.10/dist-packages/tensegrity_interfaces/msg/_motors_stamped_s.c
[13.146s] -- Symlinking: /home/pracsys/Desktop/tensegrity/ros2_ws/src/install/tensegrity_interfaces/local/lib/python3.10/dist-packages/tensegrity_interfaces/msg/_node.py
[13.157s] -- Symlinking: /home/pracsys/Desktop/tensegrity/ros2_ws/src/install/tensegrity_interfaces/local/lib/python3.10/dist-packages/tensegrity_interfaces/msg/_node_s.c
[13.170s] -- Symlinking: /home/pracsys/Desktop/tensegrity/ros2_ws/src/install/tensegrity_interfaces/local/lib/python3.10/dist-packages/tensegrity_interfaces/msg/_nodes_stamped.py
[13.183s] -- Symlinking: /home/pracsys/Desktop/tensegrity/ros2_ws/src/install/tensegrity_interfaces/local/lib/python3.10/dist-packages/tensegrity_interfaces/msg/_nodes_stamped_s.c
[13.195s] -- Symlinking: /home/pracsys/Desktop/tensegrity/ros2_ws/src/install/tensegrity_interfaces/local/lib/python3.10/dist-packages/tensegrity_interfaces/msg/_sensor.py
[13.206s] -- Symlinking: /home/pracsys/Desktop/tensegrity/ros2_ws/src/install/tensegrity_interfaces/local/lib/python3.10/dist-packages/tensegrity_interfaces/msg/_sensor_s.c
[13.216s] -- Symlinking: /home/pracsys/Desktop/tensegrity/ros2_ws/src/install/tensegrity_interfaces/local/lib/python3.10/dist-packages/tensegrity_interfaces/msg/_sensors_stamped.py
[13.229s] -- Symlinking: /home/pracsys/Desktop/tensegrity/ros2_ws/src/install/tensegrity_interfaces/local/lib/python3.10/dist-packages/tensegrity_interfaces/msg/_sensors_stamped_s.c
[13.240s] -- Symlinking: /home/pracsys/Desktop/tensegrity/ros2_ws/src/install/tensegrity_interfaces/local/lib/python3.10/dist-packages/tensegrity_interfaces/msg/_stamped_index.py
[13.251s] -- Symlinking: /home/pracsys/Desktop/tensegrity/ros2_ws/src/install/tensegrity_interfaces/local/lib/python3.10/dist-packages/tensegrity_interfaces/msg/_stamped_index_s.c
[13.269s] -- Symlinking: /home/pracsys/Desktop/tensegrity/ros2_ws/src/install/tensegrity_interfaces/local/lib/python3.10/dist-packages/tensegrity_interfaces/msg/_state.py
[13.283s] -- Symlinking: /home/pracsys/Desktop/tensegrity/ros2_ws/src/install/tensegrity_interfaces/local/lib/python3.10/dist-packages/tensegrity_interfaces/msg/_state_s.c
[13.300s] -- Symlinking: /home/pracsys/Desktop/tensegrity/ros2_ws/src/install/tensegrity_interfaces/local/lib/python3.10/dist-packages/tensegrity_interfaces/msg/_tensegrity_stamped.py
[13.314s] -- Symlinking: /home/pracsys/Desktop/tensegrity/ros2_ws/src/install/tensegrity_interfaces/local/lib/python3.10/dist-packages/tensegrity_interfaces/msg/_tensegrity_stamped_s.c
[13.326s] -- Symlinking: /home/pracsys/Desktop/tensegrity/ros2_ws/src/install/tensegrity_interfaces/local/lib/python3.10/dist-packages/tensegrity_interfaces/msg/_trajectory.py
[13.338s] -- Symlinking: /home/pracsys/Desktop/tensegrity/ros2_ws/src/install/tensegrity_interfaces/local/lib/python3.10/dist-packages/tensegrity_interfaces/msg/_trajectory_s.c
[13.349s] -- Symlinking: /home/pracsys/Desktop/tensegrity/ros2_ws/src/install/tensegrity_interfaces/local/lib/python3.10/dist-packages/tensegrity_interfaces/tensegrity_interfaces_s__rosidl_typesupport_c.cpython-310-x86_64-linux-gnu.so
[13.361s] -- Symlinking: /home/pracsys/Desktop/tensegrity/ros2_ws/src/install/tensegrity_interfaces/local/lib/python3.10/dist-packages/tensegrity_interfaces/tensegrity_interfaces_s__rosidl_typesupport_fastrtps_c.cpython-310-x86_64-linux-gnu.so
[13.370s] -- Symlinking: /home/pracsys/Desktop/tensegrity/ros2_ws/src/install/tensegrity_interfaces/local/lib/python3.10/dist-packages/tensegrity_interfaces/tensegrity_interfaces_s__rosidl_typesupport_introspection_c.cpython-310-x86_64-linux-gnu.so
[13.381s] -- Up-to-date symlink: /home/pracsys/Desktop/tensegrity/ros2_ws/src/install/tensegrity_interfaces/local/lib/python3.10/dist-packages/tensegrity_interfaces/tensegrity_interfaces_s__rosidl_typesupport_fastrtps_c.cpython-310-x86_64-linux-gnu.so
[13.381s] -- Up-to-date symlink: /home/pracsys/Desktop/tensegrity/ros2_ws/src/install/tensegrity_interfaces/local/lib/python3.10/dist-packages/tensegrity_interfaces/tensegrity_interfaces_s__rosidl_typesupport_introspection_c.cpython-310-x86_64-linux-gnu.so
[13.381s] -- Up-to-date symlink: /home/pracsys/Desktop/tensegrity/ros2_ws/src/install/tensegrity_interfaces/local/lib/python3.10/dist-packages/tensegrity_interfaces/tensegrity_interfaces_s__rosidl_typesupport_c.cpython-310-x86_64-linux-gnu.so
[13.381s] -- Symlinking: /home/pracsys/Desktop/tensegrity/ros2_ws/src/install/tensegrity_interfaces/share/ament_index/resource_index/rust_packages/tensegrity_interfaces
[13.391s] -- Symlinking: /home/pracsys/Desktop/tensegrity/ros2_ws/src/install/tensegrity_interfaces/share/tensegrity_interfaces/rust/Cargo.toml
[13.400s] -- Symlinking: /home/pracsys/Desktop/tensegrity/ros2_ws/src/install/tensegrity_interfaces/share/tensegrity_interfaces/rust/build.rs
[13.409s] -- Symlinking: /home/pracsys/Desktop/tensegrity/ros2_ws/src/install/tensegrity_interfaces/share/tensegrity_interfaces/rust/src/lib.rs
[13.418s] -- Symlinking: /home/pracsys/Desktop/tensegrity/ros2_ws/src/install/tensegrity_interfaces/share/tensegrity_interfaces/rust/src/msg.rs
[13.427s] -- Symlinking: /home/pracsys/Desktop/tensegrity/ros2_ws/src/install/tensegrity_interfaces/share/tensegrity_interfaces/rust/src/msg/rmw.rs
[13.436s] -- Symlinking: /home/pracsys/Desktop/tensegrity/ros2_ws/src/install/tensegrity_interfaces/share/tensegrity_interfaces/msg/Node.idl
[13.445s] -- Symlinking: /home/pracsys/Desktop/tensegrity/ros2_ws/src/install/tensegrity_interfaces/share/tensegrity_interfaces/msg/Motor.idl
[13.455s] -- Symlinking: /home/pracsys/Desktop/tensegrity/ros2_ws/src/install/tensegrity_interfaces/share/tensegrity_interfaces/msg/Info.idl
[13.465s] -- Symlinking: /home/pracsys/Desktop/tensegrity/ros2_ws/src/install/tensegrity_interfaces/share/tensegrity_interfaces/msg/Sensor.idl
[13.475s] -- Symlinking: /home/pracsys/Desktop/tensegrity/ros2_ws/src/install/tensegrity_interfaces/share/tensegrity_interfaces/msg/Imu.idl
[13.484s] -- Symlinking: /home/pracsys/Desktop/tensegrity/ros2_ws/src/install/tensegrity_interfaces/share/tensegrity_interfaces/msg/MotorsStamped.idl
[13.493s] -- Symlinking: /home/pracsys/Desktop/tensegrity/ros2_ws/src/install/tensegrity_interfaces/share/tensegrity_interfaces/msg/SensorsStamped.idl
[13.502s] -- Symlinking: /home/pracsys/Desktop/tensegrity/ros2_ws/src/install/tensegrity_interfaces/share/tensegrity_interfaces/msg/ImuStamped.idl
[13.511s] -- Symlinking: /home/pracsys/Desktop/tensegrity/ros2_ws/src/install/tensegrity_interfaces/share/tensegrity_interfaces/msg/NodesStamped.idl
[13.522s] -- Symlinking: /home/pracsys/Desktop/tensegrity/ros2_ws/src/install/tensegrity_interfaces/share/tensegrity_interfaces/msg/StampedIndex.idl
[13.531s] -- Symlinking: /home/pracsys/Desktop/tensegrity/ros2_ws/src/install/tensegrity_interfaces/share/tensegrity_interfaces/msg/Trajectory.idl
[13.541s] -- Symlinking: /home/pracsys/Desktop/tensegrity/ros2_ws/src/install/tensegrity_interfaces/share/tensegrity_interfaces/msg/TensegrityStamped.idl
[13.553s] -- Symlinking: /home/pracsys/Desktop/tensegrity/ros2_ws/src/install/tensegrity_interfaces/share/tensegrity_interfaces/msg/State.idl
[13.565s] -- Symlinking: /home/pracsys/Desktop/tensegrity/ros2_ws/src/install/tensegrity_interfaces/share/tensegrity_interfaces/msg/Action.idl
[13.575s] -- Symlinking: /home/pracsys/Desktop/tensegrity/ros2_ws/src/install/tensegrity_interfaces/share/tensegrity_interfaces/msg/Node.msg
[13.585s] -- Symlinking: /home/pracsys/Desktop/tensegrity/ros2_ws/src/install/tensegrity_interfaces/share/tensegrity_interfaces/msg/Motor.msg
[13.596s] -- Symlinking: /home/pracsys/Desktop/tensegrity/ros2_ws/src/install/tensegrity_interfaces/share/tensegrity_interfaces/msg/Info.msg
[13.606s] -- Symlinking: /home/pracsys/Desktop/tensegrity/ros2_ws/src/install/tensegrity_interfaces/share/tensegrity_interfaces/msg/Sensor.msg
[13.618s] -- Symlinking: /home/pracsys/Desktop/tensegrity/ros2_ws/src/install/tensegrity_interfaces/share/tensegrity_interfaces/msg/Imu.msg
[13.629s] -- Symlinking: /home/pracsys/Desktop/tensegrity/ros2_ws/src/install/tensegrity_interfaces/share/tensegrity_interfaces/msg/MotorsStamped.msg
[13.639s] -- Symlinking: /home/pracsys/Desktop/tensegrity/ros2_ws/src/install/tensegrity_interfaces/share/tensegrity_interfaces/msg/SensorsStamped.msg
[13.649s] -- Symlinking: /home/pracsys/Desktop/tensegrity/ros2_ws/src/install/tensegrity_interfaces/share/tensegrity_interfaces/msg/ImuStamped.msg
[13.660s] -- Symlinking: /home/pracsys/Desktop/tensegrity/ros2_ws/src/install/tensegrity_interfaces/share/tensegrity_interfaces/msg/NodesStamped.msg
[13.671s] -- Symlinking: /home/pracsys/Desktop/tensegrity/ros2_ws/src/install/tensegrity_interfaces/share/tensegrity_interfaces/msg/StampedIndex.msg
[13.681s] -- Symlinking: /home/pracsys/Desktop/tensegrity/ros2_ws/src/install/tensegrity_interfaces/share/tensegrity_interfaces/msg/Trajectory.msg
[13.691s] -- Symlinking: /home/pracsys/Desktop/tensegrity/ros2_ws/src/install/tensegrity_interfaces/share/tensegrity_interfaces/msg/TensegrityStamped.msg
[13.703s] -- Symlinking: /home/pracsys/Desktop/tensegrity/ros2_ws/src/install/tensegrity_interfaces/share/tensegrity_interfaces/msg/State.msg
[13.713s] -- Symlinking: /home/pracsys/Desktop/tensegrity/ros2_ws/src/install/tensegrity_interfaces/share/tensegrity_interfaces/msg/Action.msg
[13.722s] -- Symlinking: /home/pracsys/Desktop/tensegrity/ros2_ws/src/install/tensegrity_interfaces/share/ament_index/resource_index/package_run_dependencies/tensegrity_interfaces
[13.733s] -- Symlinking: /home/pracsys/Desktop/tensegrity/ros2_ws/src/install/tensegrity_interfaces/share/ament_index/resource_index/parent_prefix_path/tensegrity_interfaces
[13.743s] -- Symlinking: /home/pracsys/Desktop/tensegrity/ros2_ws/src/install/tensegrity_interfaces/share/tensegrity_interfaces/environment/ament_prefix_path.sh
[13.754s] -- Symlinking: /home/pracsys/Desktop/tensegrity/ros2_ws/src/install/tensegrity_interfaces/share/tensegrity_interfaces/environment/ament_prefix_path.dsv
[13.766s] -- Symlinking: /home/pracsys/Desktop/tensegrity/ros2_ws/src/install/tensegrity_interfaces/share/tensegrity_interfaces/environment/path.sh
[13.777s] -- Symlinking: /home/pracsys/Desktop/tensegrity/ros2_ws/src/install/tensegrity_interfaces/share/tensegrity_interfaces/environment/path.dsv
[13.787s] -- Symlinking: /home/pracsys/Desktop/tensegrity/ros2_ws/src/install/tensegrity_interfaces/share/tensegrity_interfaces/local_setup.bash
[13.798s] -- Symlinking: /home/pracsys/Desktop/tensegrity/ros2_ws/src/install/tensegrity_interfaces/share/tensegrity_interfaces/local_setup.sh
[13.808s] -- Symlinking: /home/pracsys/Desktop/tensegrity/ros2_ws/src/install/tensegrity_interfaces/share/tensegrity_interfaces/local_setup.zsh
[13.817s] -- Symlinking: /home/pracsys/Desktop/tensegrity/ros2_ws/src/install/tensegrity_interfaces/share/tensegrity_interfaces/local_setup.dsv
[13.826s] -- Symlinking: /home/pracsys/Desktop/tensegrity/ros2_ws/src/install/tensegrity_interfaces/share/tensegrity_interfaces/package.dsv
[13.836s] -- Symlinking: /home/pracsys/Desktop/tensegrity/ros2_ws/src/install/tensegrity_interfaces/share/ament_index/resource_index/packages/tensegrity_interfaces
[13.845s] -- Symlinking: /home/pracsys/Desktop/tensegrity/ros2_ws/src/install/tensegrity_interfaces/share/tensegrity_interfaces/cmake/rosidl_cmake-extras.cmake
[13.854s] -- Symlinking: /home/pracsys/Desktop/tensegrity/ros2_ws/src/install/tensegrity_interfaces/share/tensegrity_interfaces/cmake/ament_cmake_export_dependencies-extras.cmake
[13.865s] -- Symlinking: /home/pracsys/Desktop/tensegrity/ros2_ws/src/install/tensegrity_interfaces/share/tensegrity_interfaces/cmake/ament_cmake_export_include_directories-extras.cmake
[13.876s] -- Symlinking: /home/pracsys/Desktop/tensegrity/ros2_ws/src/install/tensegrity_interfaces/share/tensegrity_interfaces/cmake/ament_cmake_export_libraries-extras.cmake
[13.886s] -- Symlinking: /home/pracsys/Desktop/tensegrity/ros2_ws/src/install/tensegrity_interfaces/share/tensegrity_interfaces/cmake/ament_cmake_export_targets-extras.cmake
[13.897s] -- Symlinking: /home/pracsys/Desktop/tensegrity/ros2_ws/src/install/tensegrity_interfaces/share/tensegrity_interfaces/cmake/rosidl_cmake_export_typesupport_targets-extras.cmake
[13.907s] -- Symlinking: /home/pracsys/Desktop/tensegrity/ros2_ws/src/install/tensegrity_interfaces/share/tensegrity_interfaces/cmake/rosidl_cmake_export_typesupport_libraries-extras.cmake
[13.917s] -- Symlinking: /home/pracsys/Desktop/tensegrity/ros2_ws/src/install/tensegrity_interfaces/share/tensegrity_interfaces/cmake/tensegrity_interfacesConfig.cmake
[13.928s] -- Symlinking: /home/pracsys/Desktop/tensegrity/ros2_ws/src/install/tensegrity_interfaces/share/tensegrity_interfaces/cmake/tensegrity_interfacesConfig-version.cmake
[13.938s] -- Symlinking: /home/pracsys/Desktop/tensegrity/ros2_ws/src/install/tensegrity_interfaces/share/tensegrity_interfaces/package.xml
[13.948s] -- Installing: /home/pracsys/Desktop/tensegrity/ros2_ws/src/install/tensegrity_interfaces/lib/libtensegrity_interfaces__rosidl_generator_c.so
[13.950s] -- Set runtime path of "/home/pracsys/Desktop/tensegrity/ros2_ws/src/install/tensegrity_interfaces/lib/libtensegrity_interfaces__rosidl_generator_c.so" to ""
[13.950s] -- Installing: /home/pracsys/Desktop/tensegrity/ros2_ws/src/install/tensegrity_interfaces/lib/libtensegrity_interfaces__rosidl_typesupport_fastrtps_c.so
[13.951s] -- Set runtime path of "/home/pracsys/Desktop/tensegrity/ros2_ws/src/install/tensegrity_interfaces/lib/libtensegrity_interfaces__rosidl_typesupport_fastrtps_c.so" to ""
[13.951s] -- Installing: /home/pracsys/Desktop/tensegrity/ros2_ws/src/install/tensegrity_interfaces/lib/libtensegrity_interfaces__rosidl_typesupport_introspection_c.so
[13.953s] -- Set runtime path of "/home/pracsys/Desktop/tensegrity/ros2_ws/src/install/tensegrity_interfaces/lib/libtensegrity_interfaces__rosidl_typesupport_introspection_c.so" to ""
[13.953s] -- Installing: /home/pracsys/Desktop/tensegrity/ros2_ws/src/install/tensegrity_interfaces/lib/libtensegrity_interfaces__rosidl_typesupport_c.so
[13.954s] -- Set runtime path of "/home/pracsys/Desktop/tensegrity/ros2_ws/src/install/tensegrity_interfaces/lib/libtensegrity_interfaces__rosidl_typesupport_c.so" to ""
[13.954s] -- Installing: /home/pracsys/Desktop/tensegrity/ros2_ws/src/install/tensegrity_interfaces/lib/libtensegrity_interfaces__rosidl_typesupport_fastrtps_cpp.so
[13.955s] -- Set runtime path of "/home/pracsys/Desktop/tensegrity/ros2_ws/src/install/tensegrity_interfaces/lib/libtensegrity_interfaces__rosidl_typesupport_fastrtps_cpp.so" to ""
[13.956s] -- Installing: /home/pracsys/Desktop/tensegrity/ros2_ws/src/install/tensegrity_interfaces/lib/libtensegrity_interfaces__rosidl_typesupport_introspection_cpp.so
[13.957s] -- Set runtime path of "/home/pracsys/Desktop/tensegrity/ros2_ws/src/install/tensegrity_interfaces/lib/libtensegrity_interfaces__rosidl_typesupport_introspection_cpp.so" to ""
[13.958s] -- Installing: /home/pracsys/Desktop/tensegrity/ros2_ws/src/install/tensegrity_interfaces/lib/libtensegrity_interfaces__rosidl_typesupport_cpp.so
[13.959s] -- Set runtime path of "/home/pracsys/Desktop/tensegrity/ros2_ws/src/install/tensegrity_interfaces/lib/libtensegrity_interfaces__rosidl_typesupport_cpp.so" to ""
[14.019s] Listing '/home/pracsys/Desktop/tensegrity/ros2_ws/src/install/tensegrity_interfaces/local/lib/python3.10/dist-packages/tensegrity_interfaces'...
[14.019s] Compiling '/home/pracsys/Desktop/tensegrity/ros2_ws/src/install/tensegrity_interfaces/local/lib/python3.10/dist-packages/tensegrity_interfaces/__init__.py'...
[14.020s] Listing '/home/pracsys/Desktop/tensegrity/ros2_ws/src/install/tensegrity_interfaces/local/lib/python3.10/dist-packages/tensegrity_interfaces/msg'...
[14.020s] Compiling '/home/pracsys/Desktop/tensegrity/ros2_ws/src/install/tensegrity_interfaces/local/lib/python3.10/dist-packages/tensegrity_interfaces/msg/__init__.py'...
[14.020s] Compiling '/home/pracsys/Desktop/tensegrity/ros2_ws/src/install/tensegrity_interfaces/local/lib/python3.10/dist-packages/tensegrity_interfaces/msg/_action.py'...
[14.020s] Compiling '/home/pracsys/Desktop/tensegrity/ros2_ws/src/install/tensegrity_interfaces/local/lib/python3.10/dist-packages/tensegrity_interfaces/msg/_imu.py'...
[14.020s] Compiling '/home/pracsys/Desktop/tensegrity/ros2_ws/src/install/tensegrity_interfaces/local/lib/python3.10/dist-packages/tensegrity_interfaces/msg/_imu_stamped.py'...
[14.020s] Compiling '/home/pracsys/Desktop/tensegrity/ros2_ws/src/install/tensegrity_interfaces/local/lib/python3.10/dist-packages/tensegrity_interfaces/msg/_info.py'...
[14.021s] Compiling '/home/pracsys/Desktop/tensegrity/ros2_ws/src/install/tensegrity_interfaces/local/lib/python3.10/dist-packages/tensegrity_interfaces/msg/_motor.py'...
[14.021s] Compiling '/home/pracsys/Desktop/tensegrity/ros2_ws/src/install/tensegrity_interfaces/local/lib/python3.10/dist-packages/tensegrity_interfaces/msg/_motors_stamped.py'...
[14.021s] Compiling '/home/pracsys/Desktop/tensegrity/ros2_ws/src/install/tensegrity_interfaces/local/lib/python3.10/dist-packages/tensegrity_interfaces/msg/_node.py'...
[14.021s] Compiling '/home/pracsys/Desktop/tensegrity/ros2_ws/src/install/tensegrity_interfaces/local/lib/python3.10/dist-packages/tensegrity_interfaces/msg/_nodes_stamped.py'...
[14.021s] Compiling '/home/pracsys/Desktop/tensegrity/ros2_ws/src/install/tensegrity_interfaces/local/lib/python3.10/dist-packages/tensegrity_interfaces/msg/_sensor.py'...
[14.021s] Compiling '/home/pracsys/Desktop/tensegrity/ros2_ws/src/install/tensegrity_interfaces/local/lib/python3.10/dist-packages/tensegrity_interfaces/msg/_sensors_stamped.py'...
[14.022s] Compiling '/home/pracsys/Desktop/tensegrity/ros2_ws/src/install/tensegrity_interfaces/local/lib/python3.10/dist-packages/tensegrity_interfaces/msg/_stamped_index.py'...
[14.022s] Compiling '/home/pracsys/Desktop/tensegrity/ros2_ws/src/install/tensegrity_interfaces/local/lib/python3.10/dist-packages/tensegrity_interfaces/msg/_state.py'...
[14.022s] Compiling '/home/pracsys/Desktop/tensegrity/ros2_ws/src/install/tensegrity_interfaces/local/lib/python3.10/dist-packages/tensegrity_interfaces/msg/_tensegrity_stamped.py'...
[14.022s] Compiling '/home/pracsys/Desktop/tensegrity/ros2_ws/src/install/tensegrity_interfaces/local/lib/python3.10/dist-packages/tensegrity_interfaces/msg/_trajectory.py'...
[14.024s] -- Installing: /home/pracsys/Desktop/tensegrity/ros2_ws/src/install/tensegrity_interfaces/lib/libtensegrity_interfaces__rosidl_generator_py.so
[14.026s] -- Set runtime path of "/home/pracsys/Desktop/tensegrity/ros2_ws/src/install/tensegrity_interfaces/lib/libtensegrity_interfaces__rosidl_generator_py.so" to ""
[14.026s] -- Installing: /home/pracsys/Desktop/tensegrity/ros2_ws/src/install/tensegrity_interfaces/share/tensegrity_interfaces/cmake/export_tensegrity_interfaces__rosidl_generator_cExport.cmake
[14.026s] -- Installing: /home/pracsys/Desktop/tensegrity/ros2_ws/src/install/tensegrity_interfaces/share/tensegrity_interfaces/cmake/export_tensegrity_interfaces__rosidl_generator_cExport-noconfig.cmake
[14.027s] -- Installing: /home/pracsys/Desktop/tensegrity/ros2_ws/src/install/tensegrity_interfaces/share/tensegrity_interfaces/cmake/export_tensegrity_interfaces__rosidl_typesupport_fastrtps_cExport.cmake
[14.027s] -- Installing: /home/pracsys/Desktop/tensegrity/ros2_ws/src/install/tensegrity_interfaces/share/tensegrity_interfaces/cmake/export_tensegrity_interfaces__rosidl_typesupport_fastrtps_cExport-noconfig.cmake
[14.027s] -- Installing: /home/pracsys/Desktop/tensegrity/ros2_ws/src/install/tensegrity_interfaces/share/tensegrity_interfaces/cmake/tensegrity_interfaces__rosidl_typesupport_introspection_cExport.cmake
[14.028s] -- Installing: /home/pracsys/Desktop/tensegrity/ros2_ws/src/install/tensegrity_interfaces/share/tensegrity_interfaces/cmake/tensegrity_interfaces__rosidl_typesupport_introspection_cExport-noconfig.cmake
[14.028s] -- Installing: /home/pracsys/Desktop/tensegrity/ros2_ws/src/install/tensegrity_interfaces/share/tensegrity_interfaces/cmake/tensegrity_interfaces__rosidl_typesupport_cExport.cmake
[14.029s] -- Installing: /home/pracsys/Desktop/tensegrity/ros2_ws/src/install/tensegrity_interfaces/share/tensegrity_interfaces/cmake/tensegrity_interfaces__rosidl_typesupport_cExport-noconfig.cmake
[14.029s] -- Installing: /home/pracsys/Desktop/tensegrity/ros2_ws/src/install/tensegrity_interfaces/share/tensegrity_interfaces/cmake/export_tensegrity_interfaces__rosidl_generator_cppExport.cmake
[14.029s] -- Installing: /home/pracsys/Desktop/tensegrity/ros2_ws/src/install/tensegrity_interfaces/share/tensegrity_interfaces/cmake/export_tensegrity_interfaces__rosidl_typesupport_fastrtps_cppExport.cmake
[14.030s] -- Installing: /home/pracsys/Desktop/tensegrity/ros2_ws/src/install/tensegrity_interfaces/share/tensegrity_interfaces/cmake/export_tensegrity_interfaces__rosidl_typesupport_fastrtps_cppExport-noconfig.cmake
[14.030s] -- Installing: /home/pracsys/Desktop/tensegrity/ros2_ws/src/install/tensegrity_interfaces/share/tensegrity_interfaces/cmake/tensegrity_interfaces__rosidl_typesupport_introspection_cppExport.cmake
[14.031s] -- Installing: /home/pracsys/Desktop/tensegrity/ros2_ws/src/install/tensegrity_interfaces/share/tensegrity_interfaces/cmake/tensegrity_interfaces__rosidl_typesupport_introspection_cppExport-noconfig.cmake
[14.031s] -- Installing: /home/pracsys/Desktop/tensegrity/ros2_ws/src/install/tensegrity_interfaces/share/tensegrity_interfaces/cmake/tensegrity_interfaces__rosidl_typesupport_cppExport.cmake
[14.031s] -- Installing: /home/pracsys/Desktop/tensegrity/ros2_ws/src/install/tensegrity_interfaces/share/tensegrity_interfaces/cmake/tensegrity_interfaces__rosidl_typesupport_cppExport-noconfig.cmake
[14.032s] -- Installing: /home/pracsys/Desktop/tensegrity/ros2_ws/src/install/tensegrity_interfaces/share/tensegrity_interfaces/cmake/export_tensegrity_interfaces__rosidl_generator_pyExport.cmake
[14.032s] -- Installing: /home/pracsys/Desktop/tensegrity/ros2_ws/src/install/tensegrity_interfaces/share/tensegrity_interfaces/cmake/export_tensegrity_interfaces__rosidl_generator_pyExport-noconfig.cmake
[14.038s] Invoked command in '/home/pracsys/Desktop/tensegrity/ros2_ws/src/build/tensegrity_interfaces' returned '0': CMAKE_PREFIX_PATH=/opt/ros/humble:${CMAKE_PREFIX_PATH} /usr/bin/cmake --install /home/pracsys/Desktop/tensegrity/ros2_ws/src/build/tensegrity_interfaces
